<html>
<body>
<pre>
<h1>µVision Build Log</h1>
<h2>Tool Versions:</h2>
IDE-Version: ¦ÌVision V5.42.0.0
Copyright (C) 2025 ARM Ltd and ARM Germany GmbH. All rights reserved.
License Information: 1 huhongguang2004@outlook.com, 1, LIC=KRMW3-ABGUN-HLRCL-0PEZW-6ZJPH-RDW84
 
Tool Versions:
Toolchain:       MDK-ARM Plus  Version: 5.42.0.0
Toolchain Path:  D:\keil5\ARM\ARMCLANG\Bin
C Compiler:      ArmClang.exe V6.23
Assembler:       Armasm.exe V6.23
Linker/Locator:  ArmLink.exe V6.23
Library Manager: ArmAr.exe V6.23
Hex Converter:   FromElf.exe V6.23
CPU DLL:         SARMCM3.DLL V5.42.0.0
Dialog DLL:      DARMCM1.DLL V1.19.6.0
Target DLL:      STLink\ST-LINKIII-KEIL_SWO.dll V3.3.0.0
Dialog DLL:      TARMCM1.DLL V1.14.6.0
 
<h2>Project:</h2>
C:\Users\huhon\Documents\GitHub\MSPM0G3507__\m0_project_2025_4\project\freertos_demo.uvprojx
Project File Date:  04/22/2025

<h2>Output:</h2>
*** Using Compiler 'V6.23', folder: 'D:\keil5\ARM\ARMCLANG\Bin'
Build target 'freertos_demo'
Before Build - User command #1: cmd.exe /C "C:\Users\huhon\Documents\GitHub\MSPM0G3507__\m0_project_2025_4\project\../tools/syscfg.bat 'C:\Users\huhon\Documents\GitHub\MSPM0G3507__\m0_project_2025_4\project\' blink_led.syscfg"
Using Sysconfig Tool from "C:\TI\sysconfig\sysconfig_cli.bat"
"Update the file located at <sdk path>/tools/keil/syscfg.bat to use a different version"
Error: File "C:\Users\huhon\Documents\GitHub\MSPM0G3507__\m0_project_2025_4\project\blink_led.syscfg" does not exist
    at contents [as readScriptFile] (C:\TI\sysconfig\dist\webpack:\sysconfig\src\pinmux\services\resources\otherLoaders\scriptAndProductLoader.ts:33:10)
    at parsedArgs (C:\TI\sysconfig\dist\webpack:\sysconfig\src\pinmux\services\args\resolveScriptArg.ts:17:10)
    at async Promise.all (index 0)
    at parsedArgs (C:\TI\sysconfig\dist\webpack:\sysconfig\src\pinmux\services\args\resolveScriptArg.ts:33:19)
    at resolvedArgs (C:\TI\sysconfig\dist\webpack:\sysconfig\src\pinmux\services\args\parseAndResolveArgs.ts:25:6)
    at t.runCLI (C:\TI\sysconfig\dist\webpack:\sysconfig\src\cli\runCli.ts:32:9)
compiling motor_controller.c...
linking...
Program Size: Code=31732 RO-data=976 RW-data=72 ZI-data=12352  
FromELF: creating hex file...
".\Objects\freertos_demo.axf" - 0 Error(s), 0 Warning(s).

<h2>Software Packages used:</h2>

Package Vendor: TexasInstruments
                https://software-dl.ti.com/msp430/esd/MSPM0-CMSIS/MSPM0G1X0X_G3X0X/latest/exports/TexasInstruments.MSPM0G1X0X_G3X0X_DFP.1.3.1.pack
                TexasInstruments::MSPM0G1X0X_G3X0X_DFP@1.3.1
                Device Family Pack for Texas Instruments MSPM0G1X0X_G3X0X Series

<h2>Collection of Component include folders:</h2>

<h2>Collection of Component Files used:</h2>
Build Time Elapsed:  00:00:03
</pre>
</body>
</html>
