<html>
<body>
<pre>
<h1>µVision Build Log</h1>
<h2>Tool Versions:</h2>
IDE-Version: ¦ÌVision V5.38.0.0
Copyright (C) 2022 ARM Ltd and ARM Germany GmbH. All rights reserved.
License Information: kuang Jing Ming  , hunnan, LIC=8VRJ7-EKUE3-X70RZ-JXJIG-B5KIZ-33TWR
 
Tool Versions:
Toolchain:       MDK-ARM Plus  Version: 5.42.0.0
Toolchain Path:  C:\Users\kjmsd\AppData\Local\Keil_v5\ARM\ARMCLANG\Bin
C Compiler:      ArmClang.exe V6.23
Assembler:       Armasm.exe V6.23
Linker/Locator:  ArmLink.exe V6.23
Library Manager: ArmAr.exe V6.23
Hex Converter:   FromElf.exe V6.23
CPU DLL:         SARMCM3.DLL V5.42.0.0
Dialog DLL:      DARMCM1.DLL V1.19.6.0
Target DLL:      CMSIS_AGDI.dll V1.33.22.0
Dialog DLL:      TARMCM1.DLL V1.14.6.0
 
<h2>Project:</h2>
D:\myProjects\Singlechip\mspm0g3507\m0_project_2025_4\project\freertos_demo.uvprojx
Project File Date:  04/13/2025

<h2>Output:</h2>
*** Using Compiler 'V6.23', folder: 'C:\Users\kjmsd\AppData\Local\Keil_v5\ARM\ARMCLANG\Bin'
Build target 'freertos_demo'
Before Build - User command #1: cmd.exe /C "D:\myProjects\Singlechip\mspm0g3507\m0_project_2025_4\project\../tools/syscfg.bat 'D:\myProjects\Singlechip\mspm0g3507\m0_project_2025_4\project\' blink_led.syscfg"
Couldn't find Sysconfig Tool "C:\TI\sysconfig\sysconfig_cli.bat"
"Update the file located at <sdk path>/tools/keil/syscfg.bat"
compiling main.c...
compiling gray_detection.c...
linking...
Program Size: Code=13504 RO-data=3124 RW-data=196 ZI-data=1012  
FromELF: creating hex file...
".\Objects\freertos_demo.axf" - 0 Error(s), 0 Warning(s).

<h2>Software Packages used:</h2>

Package Vendor: TexasInstruments
                http://software-dl.ti.com/msp430/esd/MSPM0-CMSIS/MSPM0G/latest/exports/TexasInstruments.MSPM0G_DFP.1.2.1.pack
                TexasInstruments.MSPM0G_DFP.1.2.1
                Device Family Pack for Texas Instruments MSPM0G Series

<h2>Collection of Component include folders:</h2>

<h2>Collection of Component Files used:</h2>
Build Time Elapsed:  00:00:01
</pre>
</body>
</html>
