Component: Arm Compiler for Embedded 6.23 Tool: armlink [5f102400]

==============================================================================

Section Cross References

    ti_msp_dl_config.o(.text.SYSCFG_DL_init) refers to ti_msp_dl_config.o(.text.SYSCFG_DL_initPower) for SYSCFG_DL_initPower
    ti_msp_dl_config.o(.text.SYSCFG_DL_init) refers to ti_msp_dl_config.o(.text.SYSCFG_DL_GPIO_init) for SYSCFG_DL_GPIO_init
    ti_msp_dl_config.o(.text.SYSCFG_DL_init) refers to ti_msp_dl_config.o(.text.SYSCFG_DL_SYSCTL_init) for SYSCFG_DL_SYSCTL_init
    ti_msp_dl_config.o(.text.SYSCFG_DL_init) refers to ti_msp_dl_config.o(.text.SYSCFG_DL_Motor_PWM1_init) for SYSCFG_DL_Motor_PWM1_init
    ti_msp_dl_config.o(.text.SYSCFG_DL_init) refers to ti_msp_dl_config.o(.text.SYSCFG_DL_Motor_PWM2_init) for SYSCFG_DL_Motor_PWM2_init
    ti_msp_dl_config.o(.text.SYSCFG_DL_init) refers to ti_msp_dl_config.o(.text.SYSCFG_DL_TIMER_delay_init) for SYSCFG_DL_TIMER_delay_init
    ti_msp_dl_config.o(.text.SYSCFG_DL_init) refers to ti_msp_dl_config.o(.text.SYSCFG_DL_UART_DEBUG_init) for SYSCFG_DL_UART_DEBUG_init
    ti_msp_dl_config.o(.text.SYSCFG_DL_init) refers to ti_msp_dl_config.o(.bss.gTIMER_delayBackup) for gTIMER_delayBackup
    ti_msp_dl_config.o(.text.SYSCFG_DL_init) refers to ti_msp_dl_config.o(.bss.gMotor_PWM1Backup) for gMotor_PWM1Backup
    ti_msp_dl_config.o(.ARM.exidx.text.SYSCFG_DL_init) refers to ti_msp_dl_config.o(.text.SYSCFG_DL_init) for [Anonymous Symbol]
    ti_msp_dl_config.o(.text.SYSCFG_DL_initPower) refers to dl_common.o(.text.DL_Common_delayCycles) for DL_Common_delayCycles
    ti_msp_dl_config.o(.ARM.exidx.text.SYSCFG_DL_initPower) refers to ti_msp_dl_config.o(.text.SYSCFG_DL_initPower) for [Anonymous Symbol]
    ti_msp_dl_config.o(.ARM.exidx.text.SYSCFG_DL_GPIO_init) refers to ti_msp_dl_config.o(.text.SYSCFG_DL_GPIO_init) for [Anonymous Symbol]
    ti_msp_dl_config.o(.ARM.exidx.text.SYSCFG_DL_SYSCTL_init) refers to ti_msp_dl_config.o(.text.SYSCFG_DL_SYSCTL_init) for [Anonymous Symbol]
    ti_msp_dl_config.o(.text.SYSCFG_DL_Motor_PWM1_init) refers to dl_timer.o(.text.DL_Timer_setClockConfig) for DL_Timer_setClockConfig
    ti_msp_dl_config.o(.text.SYSCFG_DL_Motor_PWM1_init) refers to dl_timer.o(.text.DL_Timer_initFourCCPWMMode) for DL_Timer_initFourCCPWMMode
    ti_msp_dl_config.o(.text.SYSCFG_DL_Motor_PWM1_init) refers to dl_timer.o(.text.DL_Timer_setCaptureCompareOutCtl) for DL_Timer_setCaptureCompareOutCtl
    ti_msp_dl_config.o(.text.SYSCFG_DL_Motor_PWM1_init) refers to dl_timer.o(.text.DL_Timer_setCaptCompUpdateMethod) for DL_Timer_setCaptCompUpdateMethod
    ti_msp_dl_config.o(.text.SYSCFG_DL_Motor_PWM1_init) refers to dl_timer.o(.text.DL_Timer_setCaptureCompareValue) for DL_Timer_setCaptureCompareValue
    ti_msp_dl_config.o(.text.SYSCFG_DL_Motor_PWM1_init) refers to ti_msp_dl_config.o(.rodata.gMotor_PWM1ClockConfig) for [Anonymous Symbol]
    ti_msp_dl_config.o(.text.SYSCFG_DL_Motor_PWM1_init) refers to ti_msp_dl_config.o(.rodata.gMotor_PWM1Config) for [Anonymous Symbol]
    ti_msp_dl_config.o(.ARM.exidx.text.SYSCFG_DL_Motor_PWM1_init) refers to ti_msp_dl_config.o(.text.SYSCFG_DL_Motor_PWM1_init) for [Anonymous Symbol]
    ti_msp_dl_config.o(.text.SYSCFG_DL_Motor_PWM2_init) refers to dl_timer.o(.text.DL_Timer_setClockConfig) for DL_Timer_setClockConfig
    ti_msp_dl_config.o(.text.SYSCFG_DL_Motor_PWM2_init) refers to dl_timer.o(.text.DL_Timer_initFourCCPWMMode) for DL_Timer_initFourCCPWMMode
    ti_msp_dl_config.o(.text.SYSCFG_DL_Motor_PWM2_init) refers to dl_timer.o(.text.DL_Timer_setCaptureCompareOutCtl) for DL_Timer_setCaptureCompareOutCtl
    ti_msp_dl_config.o(.text.SYSCFG_DL_Motor_PWM2_init) refers to dl_timer.o(.text.DL_Timer_setCaptCompUpdateMethod) for DL_Timer_setCaptCompUpdateMethod
    ti_msp_dl_config.o(.text.SYSCFG_DL_Motor_PWM2_init) refers to dl_timer.o(.text.DL_Timer_setCaptureCompareValue) for DL_Timer_setCaptureCompareValue
    ti_msp_dl_config.o(.text.SYSCFG_DL_Motor_PWM2_init) refers to ti_msp_dl_config.o(.rodata.gMotor_PWM2ClockConfig) for [Anonymous Symbol]
    ti_msp_dl_config.o(.text.SYSCFG_DL_Motor_PWM2_init) refers to ti_msp_dl_config.o(.rodata.gMotor_PWM2Config) for [Anonymous Symbol]
    ti_msp_dl_config.o(.ARM.exidx.text.SYSCFG_DL_Motor_PWM2_init) refers to ti_msp_dl_config.o(.text.SYSCFG_DL_Motor_PWM2_init) for [Anonymous Symbol]
    ti_msp_dl_config.o(.text.SYSCFG_DL_TIMER_delay_init) refers to dl_timer.o(.text.DL_Timer_setClockConfig) for DL_Timer_setClockConfig
    ti_msp_dl_config.o(.text.SYSCFG_DL_TIMER_delay_init) refers to dl_timer.o(.text.DL_Timer_initTimerMode) for DL_Timer_initTimerMode
    ti_msp_dl_config.o(.text.SYSCFG_DL_TIMER_delay_init) refers to ti_msp_dl_config.o(.rodata.gTIMER_delayClockConfig) for [Anonymous Symbol]
    ti_msp_dl_config.o(.text.SYSCFG_DL_TIMER_delay_init) refers to ti_msp_dl_config.o(.rodata.gTIMER_delayTimerConfig) for [Anonymous Symbol]
[...]
    __arm_cp.23_0                            0x00001d8c   Number         4  dl_timer.o(.text.DL_Timer_setCaptCompUpdateMethod)
    [Anonymous Symbol]                       0x00001d90   Section        0  dl_timer.o(.text.DL_Timer_setCaptureCompareOutCtl)
    __arm_cp.27_0                            0x00001da4   Number         4  dl_timer.o(.text.DL_Timer_setCaptureCompareOutCtl)
    [Anonymous Symbol]                       0x00001da8   Section        0  dl_timer.o(.text.DL_Timer_setCaptureCompareValue)
    __arm_cp.3_0                             0x00001db4   Number         4  dl_timer.o(.text.DL_Timer_setCaptureCompareValue)
    [Anonymous Symbol]                       0x00001db8   Section        0  dl_timer.o(.text.DL_Timer_setClockConfig)
    __arm_cp.0_0                             0x00001dd0   Number         4  dl_timer.o(.text.DL_Timer_setClockConfig)
    [Anonymous Symbol]                       0x00001dd4   Section        0  dl_uart.o(.text.DL_UART_init)
    __arm_cp.0_0                             0x00001e14   Number         4  dl_uart.o(.text.DL_UART_init)
    __arm_cp.0_1                             0x00001e18   Number         4  dl_uart.o(.text.DL_UART_init)
    [Anonymous Symbol]                       0x00001e1c   Section        0  dl_uart.o(.text.DL_UART_setClockConfig)
    [Anonymous Symbol]                       0x00001e30   Section        0  dl_uart.o(.text.DL_UART_transmitDataBlocking)
    __arm_cp.7_0                             0x00001e40   Number         4  dl_uart.o(.text.DL_UART_transmitDataBlocking)
    [Anonymous Symbol]                       0x00001e44   Section        0  gray_detection.o(.text.Gray_Detection_Init)
    [Anonymous Symbol]                       0x00001e50   Section        0  gray_detection.o(.text.Gray_ReadData)
    __arm_cp.1_0                             0x00001eb0   Number         4  gray_detection.o(.text.Gray_ReadData)
    __arm_cp.1_1                             0x00001eb4   Number         4  gray_detection.o(.text.Gray_ReadData)
    [Anonymous Symbol]                       0x00001ef0   Section        0  log.o(.text.LOG_I)
    __arm_cp.0_0                             0x00001f28   Number         4  log.o(.text.LOG_I)
    __arm_cp.0_1                             0x00001f2c   Number         4  log.o(.text.LOG_I)
    __arm_cp.0_2                             0x00001f30   Number         4  log.o(.text.LOG_I)
    [Anonymous Symbol]                       0x00001f34   Section        0  oled.o(.text.OLED_Clear)
    [Anonymous Symbol]                       0x00001fac   Section        0  oled.o(.text.OLED_DrawBMP)
    [Anonymous Symbol]                       0x00002064   Section        0  oled.o(.text.OLED_HorizontalShift)
    [Anonymous Symbol]                       0x00002124   Section        0  oled.o(.text.OLED_Init)
    __arm_cp.0_1                             0x00002158   Number         4  oled.o(.text.OLED_Init)
    [Anonymous Symbol]                       0x0000215c   Section        0  oled.o(.text.OLED_ShowCHinese)
    __arm_cp.5_0                             0x00002260   Number         4  oled.o(.text.OLED_ShowCHinese)
    __arm_cp.5_1                             0x00002264   Number         4  oled.o(.text.OLED_ShowCHinese)
    [Anonymous Symbol]                       0x00002268   Section        0  oled.o(.text.OLED_ShowChar)
    __arm_cp.15_0                            0x000023fc   Number         4  oled.o(.text.OLED_ShowChar)
    __arm_cp.15_1                            0x00002400   Number         4  oled.o(.text.OLED_ShowChar)
    __arm_cp.15_2                            0x00002404   Number         4  oled.o(.text.OLED_ShowChar)
    [Anonymous Symbol]                       0x00002408   Section        0  oled.o(.text.OLED_Test)
    __arm_cp.2_0                             0x000025ac   Number         4  oled.o(.text.OLED_Test)
    __arm_cp.2_1                             0x000025b0   Number         4  oled.o(.text.OLED_Test)
    __arm_cp.2_4                             0x000025d0   Number         4  oled.o(.text.OLED_Test)
    [Anonymous Symbol]                       0x000025e0   Section        0  port.o(.text.PendSV_Handler)
    pxCurrentTCBConst                        0x00002620   Number         0  port.o(.text.PendSV_Handler)
    [Anonymous Symbol]                       0x00002624   Section        0  port.o(.text.SVC_Handler)
    [Anonymous Symbol]                       0x00002628   Section        0  ti_msp_dl_config.o(.text.SYSCFG_DL_GPIO_init)
    __arm_cp.2_1                             0x00002678   Number         4  ti_msp_dl_config.o(.text.SYSCFG_DL_GPIO_init)
    __arm_cp.2_2                             0x0000267c   Number         4  ti_msp_dl_config.o(.text.SYSCFG_DL_GPIO_init)
    __arm_cp.2_3                             0x00002680   Number         4  ti_msp_dl_config.o(.text.SYSCFG_DL_GPIO_init)
    [Anonymous Symbol]                       0x00002684   Section        0  ti_msp_dl_config.o(.text.SYSCFG_DL_Motor_PWM1_init)
    __arm_cp.4_0                             0x000026f0   Number         4  ti_msp_dl_config.o(.text.SYSCFG_DL_Motor_PWM1_init)
    __arm_cp.4_1                             0x000026f4   Number         4  ti_msp_dl_config.o(.text.SYSCFG_DL_Motor_PWM1_init)
    __arm_cp.4_2                             0x000026f8   Number         4  ti_msp_dl_config.o(.text.SYSCFG_DL_Motor_PWM1_init)
    __arm_cp.4_3                             0x000026fc   Number         4  ti_msp_dl_config.o(.text.SYSCFG_DL_Motor_PWM1_init)
    [Anonymous Symbol]                       0x00002700   Section        0  ti_msp_dl_config.o(.text.SYSCFG_DL_Motor_PWM2_init)
    __arm_cp.5_0                             0x0000276c   Number         4  ti_msp_dl_config.o(.text.SYSCFG_DL_Motor_PWM2_init)
    __arm_cp.5_1                             0x00002770   Number         4  ti_msp_dl_config.o(.text.SYSCFG_DL_Motor_PWM2_init)
    __arm_cp.5_2                             0x00002774   Number         4  ti_msp_dl_config.o(.text.SYSCFG_DL_Motor_PWM2_init)
    __arm_cp.5_3                             0x00002778   Number         4  ti_msp_dl_config.o(.text.SYSCFG_DL_Motor_PWM2_init)
    [Anonymous Symbol]                       0x0000277c   Section        0  ti_msp_dl_config.o(.text.SYSCFG_DL_SYSCTL_init)
    __arm_cp.3_0                             0x00002790   Number         4  ti_msp_dl_config.o(.text.SYSCFG_DL_SYSCTL_init)
    __arm_cp.3_1                             0x00002794   Number         4  ti_msp_dl_config.o(.text.SYSCFG_DL_SYSCTL_init)
    [Anonymous Symbol]                       0x00002798   Section        0  ti_msp_dl_config.o(.text.SYSCFG_DL_TIMER_delay_init)
    __arm_cp.6_0                             0x000027bc   Number         4  ti_msp_dl_config.o(.text.SYSCFG_DL_TIMER_delay_init)
    __arm_cp.6_1                             0x000027c0   Number         4  ti_msp_dl_config.o(.text.SYSCFG_DL_TIMER_delay_init)
    __arm_cp.6_2                             0x000027c4   Number         4  ti_msp_dl_config.o(.text.SYSCFG_DL_TIMER_delay_init)
    __arm_cp.6_3                             0x000027c8   Number         4  ti_msp_dl_config.o(.text.SYSCFG_DL_TIMER_delay_init)
    __arm_cp.6_4                             0x000027cc   Number         4  ti_msp_dl_config.o(.text.SYSCFG_DL_TIMER_delay_init)
    [Anonymous Symbol]                       0x000027d0   Section        0  ti_msp_dl_config.o(.text.SYSCFG_DL_UART_DEBUG_init)
    __arm_cp.7_0                             0x0000281c   Number         4  ti_msp_dl_config.o(.text.SYSCFG_DL_UART_DEBUG_init)
    __arm_cp.7_1                             0x00002820   Number         4  ti_msp_dl_config.o(.text.SYSCFG_DL_UART_DEBUG_init)
    __arm_cp.7_2                             0x00002824   Number         4  ti_msp_dl_config.o(.text.SYSCFG_DL_UART_DEBUG_init)
    __arm_cp.7_3                             0x00002828   Number         4  ti_msp_dl_config.o(.text.SYSCFG_DL_UART_DEBUG_init)
    __arm_cp.7_4                             0x0000282c   Number         4  ti_msp_dl_config.o(.text.SYSCFG_DL_UART_DEBUG_init)
    [Anonymous Symbol]                       0x00002830   Section        0  ti_msp_dl_config.o(.text.SYSCFG_DL_init)
    __arm_cp.0_0                             0x0000285c   Number         4  ti_msp_dl_config.o(.text.SYSCFG_DL_init)
    __arm_cp.0_1                             0x00002860   Number         4  ti_msp_dl_config.o(.text.SYSCFG_DL_init)
    [Anonymous Symbol]                       0x00002864   Section        0  ti_msp_dl_config.o(.text.SYSCFG_DL_initPower)
    __arm_cp.1_0                             0x00002898   Number         4  ti_msp_dl_config.o(.text.SYSCFG_DL_initPower)
    __arm_cp.1_1                             0x0000289c   Number         4  ti_msp_dl_config.o(.text.SYSCFG_DL_initPower)
    __arm_cp.1_2                             0x000028a0   Number         4  ti_msp_dl_config.o(.text.SYSCFG_DL_initPower)
    __arm_cp.1_3                             0x000028a4   Number         4  ti_msp_dl_config.o(.text.SYSCFG_DL_initPower)
    __arm_cp.1_4                             0x000028a8   Number         4  ti_msp_dl_config.o(.text.SYSCFG_DL_initPower)
    __arm_cp.1_5                             0x000028ac   Number         4  ti_msp_dl_config.o(.text.SYSCFG_DL_initPower)
    __arm_cp.1_6                             0x000028b0   Number         4  ti_msp_dl_config.o(.text.SYSCFG_DL_initPower)
    __arm_cp.1_7                             0x000028b4   Number         4  ti_msp_dl_config.o(.text.SYSCFG_DL_initPower)
    [Anonymous Symbol]                       0x000028b8   Section        0  software_i2c.o(.text.SoftWareI2C_Read_Len)
    [Anonymous Symbol]                       0x00002952   Section        0  software_i2c.o(.text.SoftWareI2C_Write_Len)
    [Anonymous Symbol]                       0x000029d0   Section        0  software_i2c.o(.text.SoftwareI2C_Init)
    __arm_cp.0_0                             0x000029f4   Number         4  software_i2c.o(.text.SoftwareI2C_Init)
    [Anonymous Symbol]                       0x000029f8   Section        0  software_i2c.o(.text.SoftwareI2C_ReceiveByte)
    [Anonymous Symbol]                       0x00002ac0   Section        0  software_i2c.o(.text.SoftwareI2C_SendAck)
    [Anonymous Symbol]                       0x00002b28   Section        0  software_i2c.o(.text.SoftwareI2C_SendByte)
    [Anonymous Symbol]                       0x00002bac   Section        0  software_i2c.o(.text.SoftwareI2C_Start)
    [Anonymous Symbol]                       0x00002c2c   Section        0  software_i2c.o(.text.SoftwareI2C_Stop)
    [Anonymous Symbol]                       0x00002c94   Section        0  software_i2c.o(.text.SoftwareI2C_WaitAck)
    __arm_cp.12_0                            0x00002d64   Number         4  software_i2c.o(.text.SoftwareI2C_WaitAck)
    __arm_cp.12_1                            0x00002d68   Number         4  software_i2c.o(.text.SoftwareI2C_WaitAck)
    __arm_cp.12_2                            0x00002d6c   Number         4  software_i2c.o(.text.SoftwareI2C_WaitAck)
    [Anonymous Symbol]                       0x00002d70   Section        0  port.o(.text.SysTick_Handler)
    [Anonymous Symbol]                       0x00002d90   Section        0  delay.o(.text.delay_ms)
    [Anonymous Symbol]                       0x00002dda   Section        0  delay.o(.text.delay_us)
    [Anonymous Symbol]                       0x00002dee   Section        0  main.o(.text.main)
    [Anonymous Symbol]                       0x00002e0c   Section        0  pca9555.o(.text.pca9555_read_bit12)
    [Anonymous Symbol]                       0x00002e3c   Section        0  port.o(.text.ulSetInterruptMaskFromISR)
    [Anonymous Symbol]                       0x00002e44   Section        0  uart.o(.text.usart_printf)
    [Anonymous Symbol]                       0x00002e8a   Section        0  list.o(.text.uxListRemove)
    [Anonymous Symbol]                       0x00002eaa   Section        0  apphooks_freertos.o(.text.vApplicationStackOverflowHook)
    [Anonymous Symbol]                       0x00002eac   Section        0  port.o(.text.vClearInterruptMaskFromISR)
    [Anonymous Symbol]                       0x00002eb2   Section        0  list.o(.text.vListInsert)
    [Anonymous Symbol]                       0x00002eee   Section        0  list.o(.text.vListInsertEnd)
    [Anonymous Symbol]                       0x00002f04   Section        0  port.o(.text.vPortEnterCritical)
    [Anonymous Symbol]                       0x00002f18   Section        0  port.o(.text.vPortExitCritical)
    __arm_cp.9_0                             0x00002f30   Number         4  port.o(.text.vPortExitCritical)
    [Anonymous Symbol]                       0x00002f34   Section        0  port.o(.text.vPortYield)
    __arm_cp.7_0                             0x00002f48   Number         4  port.o(.text.vPortYield)
    [Anonymous Symbol]                       0x00002f4c   Section        0  tasks.o(.text.vTaskDelay)
    __tagsym$$used.0                         0x00002fb4   Number         0  tasks.o(.text.vTaskSwitchContext)
    [Anonymous Symbol]                       0x00002fb4   Section        0  tasks.o(.text.vTaskSwitchContext)
    __arm_cp.14_3                            0x00003080   Number         4  tasks.o(.text.vTaskSwitchContext)
    [Anonymous Symbol]                       0x00003084   Section        0  tasks.o(.text.xTaskGetSchedulerState)
    __arm_cp.47_0                            0x0000309c   Number         4  tasks.o(.text.xTaskGetSchedulerState)
    [Anonymous Symbol]                       0x000030a0   Section        0  tasks.o(.text.xTaskIncrementTick)
    __arm_cp.19_2                            0x00003198   Number         4  tasks.o(.text.xTaskIncrementTick)
    __arm_cp.19_4                            0x0000319c   Number         4  tasks.o(.text.xTaskIncrementTick)
    __arm_cp.19_5                            0x000031a0   Number         4  tasks.o(.text.xTaskIncrementTick)
    [Anonymous Symbol]                       0x000031a4   Section        0  tasks.o(.text.xTaskResumeAll)
    __arm_cp.7_0                             0x0000327c   Number         4  tasks.o(.text.xTaskResumeAll)
    __arm_cp.7_1                             0x00003280   Number         4  tasks.o(.text.xTaskResumeAll)
    __arm_cp.7_2                             0x00003284   Number         4  tasks.o(.text.xTaskResumeAll)
    __arm_cp.7_3                             0x00003288   Number         4  tasks.o(.text.xTaskResumeAll)
    __arm_cp.7_4                             0x0000328c   Number         4  tasks.o(.text.xTaskResumeAll)
    __arm_cp.7_5                             0x00003290   Number         4  tasks.o(.text.xTaskResumeAll)
    __arm_cp.7_6                             0x00003294   Number         4  tasks.o(.text.xTaskResumeAll)
    __arm_cp.7_7                             0x00003298   Number         4  tasks.o(.text.xTaskResumeAll)
    __arm_cp.7_8                             0x0000329c   Number         4  tasks.o(.text.xTaskResumeAll)
    __arm_cp.7_9                             0x000032a0   Number         4  tasks.o(.text.xTaskResumeAll)
    .text_divfast                            0x000032a4   Section      502  aeabi_sdivfast.o(.text_divfast)
    i.__ARM_common_ll_muluu                  0x0000349a   Section        0  btod.o(i.__ARM_common_ll_muluu)
    i.__ARM_fpclassify                       0x000034cc   Section        0  fpclassify.o(i.__ARM_fpclassify)
    i._is_digit                              0x000034f8   Section        0  __printf_wp.o(i._is_digit)
    locale$$code                             0x00003508   Section       44  lc_numeric_c.o(locale$$code)
    locale$$code                             0x00003534   Section       44  lc_ctype_c.o(locale$$code)
    x$fpl$printf1                            0x00003560   Section       16  printf1.o(x$fpl$printf1)
    x$fpl$printf2                            0x00003570   Section       16  printf2.o(x$fpl$printf2)
    initial_mbstate                          0x00003580   Data           8  _printf_wctomb.o(.constdata)
    .constdata                               0x00003580   Section        8  _printf_wctomb.o(.constdata)
    x$fpl$usenofp                            0x00003580   Section        0  usenofp.o(x$fpl$usenofp)
    uc_hextab                                0x00003588   Data          20  _printf_hex_int_ll_ptr.o(.constdata)
    .constdata                               0x00003588   Section       40  _printf_hex_int_ll_ptr.o(.constdata)
    lc_hextab                                0x0000359c   Data          20  _printf_hex_int_ll_ptr.o(.constdata)
    maptable                                 0x000035b0   Data          17  __printf_flags_ss_wp.o(.constdata)
    .constdata                               0x000035b0   Section       17  __printf_flags_ss_wp.o(.constdata)
    lc_hextab                                0x000035c1   Data          19  _printf_fp_hex.o(.constdata)
    .constdata                               0x000035c1   Section       38  _printf_fp_hex.o(.constdata)
    uc_hextab                                0x000035d4   Data          19  _printf_fp_hex.o(.constdata)
    tenpwrs_x                                0x000035e8   Data          60  bigflt0.o(.constdata)
    .constdata                               0x000035e8   Section      148  bigflt0.o(.constdata)
    tenpwrs_i                                0x00003624   Data          64  bigflt0.o(.constdata)
    [Anonymous Symbol]                       0x0000367c   Section        0  oled.o(.rodata..L__const.OLED_Init.init_cmds)
    gMotor_PWM1ClockConfig                   0x00003f5b   Data           3  ti_msp_dl_config.o(.rodata.gMotor_PWM1ClockConfig)
    [Anonymous Symbol]                       0x00003f5b   Section        0  ti_msp_dl_config.o(.rodata.gMotor_PWM1ClockConfig)
    gMotor_PWM1Config                        0x00003f60   Data           8  ti_msp_dl_config.o(.rodata.gMotor_PWM1Config)
    [Anonymous Symbol]                       0x00003f60   Section        0  ti_msp_dl_config.o(.rodata.gMotor_PWM1Config)
    gMotor_PWM2ClockConfig                   0x00003f68   Data           3  ti_msp_dl_config.o(.rodata.gMotor_PWM2ClockConfig)
    [Anonymous Symbol]                       0x00003f68   Section        0  ti_msp_dl_config.o(.rodata.gMotor_PWM2ClockConfig)
    gMotor_PWM2Config                        0x00003f6c   Data           8  ti_msp_dl_config.o(.rodata.gMotor_PWM2Config)
    [Anonymous Symbol]                       0x00003f6c   Section        0  ti_msp_dl_config.o(.rodata.gMotor_PWM2Config)
    gTIMER_delayClockConfig                  0x00003f74   Data           3  ti_msp_dl_config.o(.rodata.gTIMER_delayClockConfig)
    [Anonymous Symbol]                       0x00003f74   Section        0  ti_msp_dl_config.o(.rodata.gTIMER_delayClockConfig)
    gTIMER_delayTimerConfig                  0x00003f78   Data          20  ti_msp_dl_config.o(.rodata.gTIMER_delayTimerConfig)
    [Anonymous Symbol]                       0x00003f78   Section        0  ti_msp_dl_config.o(.rodata.gTIMER_delayTimerConfig)
    gUART_DEBUGClockConfig                   0x00003f8c   Data           2  ti_msp_dl_config.o(.rodata.gUART_DEBUGClockConfig)
    [Anonymous Symbol]                       0x00003f8c   Section        0  ti_msp_dl_config.o(.rodata.gUART_DEBUGClockConfig)
    gUART_DEBUGConfig                        0x00003f8e   Data          10  ti_msp_dl_config.o(.rodata.gUART_DEBUGConfig)
    [Anonymous Symbol]                       0x00003f8e   Section        0  ti_msp_dl_config.o(.rodata.gUART_DEBUGConfig)
    [Anonymous Symbol]                       0x00003f98   Section        0  log.o(.rodata.str1.1)
    locale$$data                             0x00003fc8   Section       28  lc_numeric_c.o(locale$$data)
    __lcnum_c_name                           0x00003fcc   Data           2  lc_numeric_c.o(locale$$data)
    __lcnum_c_start                          0x00003fd4   Data           0  lc_numeric_c.o(locale$$data)
    __lcnum_c_point                          0x00003fe0   Data           0  lc_numeric_c.o(locale$$data)
    __lcnum_c_thousands                      0x00003fe2   Data           0  lc_numeric_c.o(locale$$data)
    __lcnum_c_grouping                       0x00003fe3   Data           0  lc_numeric_c.o(locale$$data)
    __lcnum_c_end                            0x00003fe4   Data           0  lc_numeric_c.o(locale$$data)
    locale$$data                             0x00003fe4   Section      272  lc_ctype_c.o(locale$$data)
    __lcctype_c_name                         0x00003fe8   Data           2  lc_ctype_c.o(locale$$data)
    __lcctype_c_start                        0x00003ff0   Data           0  lc_ctype_c.o(locale$$data)
    __lcctype_c_end                          0x000040f4   Data           0  lc_ctype_c.o(locale$$data)
    uxCriticalNesting                        0x202000c0   Data           4  port.o(.data.uxCriticalNesting)
    [Anonymous Symbol]                       0x202000c0   Section        0  port.o(.data.uxCriticalNesting)
    .bss                                     0x202000c8   Section       96  libspace.o(.bss)
    pxDelayedTaskList                        0x202002b0   Data           4  tasks.o(.bss.pxDelayedTaskList)
    [Anonymous Symbol]                       0x202002b0   Section        0  tasks.o(.bss.pxDelayedTaskList)
    pxOverflowDelayedTaskList                0x202002b4   Data           4  tasks.o(.bss.pxOverflowDelayedTaskList)
    [Anonymous Symbol]                       0x202002b4   Section        0  tasks.o(.bss.pxOverflowDelayedTaskList)
    pxReadyTasksLists                        0x202002b8   Data         200  tasks.o(.bss.pxReadyTasksLists)
    [Anonymous Symbol]                       0x202002b8   Section        0  tasks.o(.bss.pxReadyTasksLists)
    uxCurrentNumberOfTasks                   0x20200380   Data           4  tasks.o(.bss.uxCurrentNumberOfTasks)
    [Anonymous Symbol]                       0x20200380   Section        0  tasks.o(.bss.uxCurrentNumberOfTasks)
    uxSchedulerSuspended                     0x20200384   Data           4  tasks.o(.bss.uxSchedulerSuspended)
    [Anonymous Symbol]                       0x20200384   Section        0  tasks.o(.bss.uxSchedulerSuspended)
    uxTopReadyPriority                       0x20200388   Data           4  tasks.o(.bss.uxTopReadyPriority)
    [Anonymous Symbol]                       0x20200388   Section        0  tasks.o(.bss.uxTopReadyPriority)
    xNextTaskUnblockTime                     0x2020038c   Data           4  tasks.o(.bss.xNextTaskUnblockTime)
    [Anonymous Symbol]                       0x2020038c   Section        0  tasks.o(.bss.xNextTaskUnblockTime)
    xNumOfOverflows                          0x20200390   Data           4  tasks.o(.bss.xNumOfOverflows)
    [Anonymous Symbol]                       0x20200390   Section        0  tasks.o(.bss.xNumOfOverflows)
    xPendedTicks                             0x20200394   Data           4  tasks.o(.bss.xPendedTicks)
    [Anonymous Symbol]                       0x20200394   Section        0  tasks.o(.bss.xPendedTicks)
    xPendingReadyList                        0x20200398   Data          20  tasks.o(.bss.xPendingReadyList)
    [Anonymous Symbol]                       0x20200398   Section        0  tasks.o(.bss.xPendingReadyList)
    xSchedulerRunning                        0x202003ac   Data           4  tasks.o(.bss.xSchedulerRunning)
    [Anonymous Symbol]                       0x202003ac   Section        0  tasks.o(.bss.xSchedulerRunning)
    xTickCount                               0x202003b0   Data           4  tasks.o(.bss.xTickCount)
    [Anonymous Symbol]                       0x202003b0   Section        0  tasks.o(.bss.xTickCount)
    xYieldPending                            0x202003b4   Data           4  tasks.o(.bss.xYieldPending)
    [Anonymous Symbol]                       0x202003b4   Section        0  tasks.o(.bss.xYieldPending)
    Heap_Mem                                 0x202003b8   Data           0  startup_mspm0g350x_uvision.o(HEAP)
    Stack_Mem                                0x202003b8   Data         256  startup_mspm0g350x_uvision.o(STACK)
    HEAP                                     0x202003b8   Section        0  startup_mspm0g350x_uvision.o(HEAP)
    STACK                                    0x202003b8   Section      256  startup_mspm0g350x_uvision.o(STACK)
    __initial_sp                             0x202004b8   Data           0  startup_mspm0g350x_uvision.o(STACK)

    Global Symbols

    Symbol Name                              Value     Ov Type        Size  Object(Section)

    BuildAttributes$$THM_ISAv3M$S$PE$A:L22$X:L11$S22$IEEE1$IW$~IW$USESV6$~STKCKD$USESV7$~SHL$OTIME$ROPI$IEEEJ$EBA8$UX$STANDARDLIB$REQ8$PRES8$EABIv2 0x00000000   Number         0  anon$$obj.o ABSOLUTE
    __Vectors                                0x00000000   Data           4  startup_mspm0g350x_uvision.o(RESET)
    _printf_flags                            0x00000000   Number         0  printf_stubs.o ABSOLUTE
    _printf_return_value                     0x00000000   Number         0  printf_stubs.o ABSOLUTE
    _printf_sizespec                         0x00000000   Number         0  printf_stubs.o ABSOLUTE
    _printf_widthprec                        0x00000000   Number         0  printf_stubs.o ABSOLUTE
    __ARM_exceptions_init                     - Undefined Weak Reference
    __alloca_initialize                       - Undefined Weak Reference
    __arm_preinit_                            - Undefined Weak Reference
    __arm_relocate_pie_                       - Undefined Weak Reference
    __cpp_initialize__aeabi_                  - Undefined Weak Reference
    __cxa_finalize                            - Undefined Weak Reference
    __sigvec_lookup                           - Undefined Weak Reference
    _atexit_init                              - Undefined Weak Reference
    _call_atexit_fns                          - Undefined Weak Reference
    _clock_init                               - Undefined Weak Reference
    _fp_trap_init                             - Undefined Weak Reference
    _fp_trap_shutdown                         - Undefined Weak Reference
    _get_lc_collate                           - Undefined Weak Reference
    _get_lc_monetary                          - Undefined Weak Reference
    _get_lc_time                              - Undefined Weak Reference
    _getenv_init                              - Undefined Weak Reference
    _handle_redirection                       - Undefined Weak Reference
    _init_alloc                               - Undefined Weak Reference
    _init_user_alloc                          - Undefined Weak Reference
    _initio                                   - Undefined Weak Reference
    _printf_mbtowc                            - Undefined Weak Reference
    _printf_wc                                - Undefined Weak Reference
    _rand_init                                - Undefined Weak Reference
    _signal_finish                            - Undefined Weak Reference
    _signal_init                              - Undefined Weak Reference
    _terminate_alloc                          - Undefined Weak Reference
    _terminate_user_alloc                     - Undefined Weak Reference
    _terminateio                              - Undefined Weak Reference
    __Vectors_End                            0x000000c0   Data           0  startup_mspm0g350x_uvision.o(RESET)
    __Vectors_Size                           0x000000c0   Number         0  startup_mspm0g350x_uvision.o ABSOLUTE
    __main                                   0x000000c1   Thumb Code     8  __main.o(!!!main)
    __scatterload                            0x000000c9   Thumb Code     0  __scatter.o(!!!scatter)
    __scatterload_rt2                        0x000000c9   Thumb Code    74  __scatter.o(!!!scatter)
    __scatterload_rt2_thumb_only             0x000000c9   Thumb Code     0  __scatter.o(!!!scatter)
    __scatterload_loop                       0x000000d3   Thumb Code     0  __scatter.o(!!!scatter)
    __scatterload_copy                       0x00000121   Thumb Code    26  __scatter_copy.o(!!handler_copy)
    __scatterload_null                       0x00000141   Thumb Code     2  __scatter.o(!!handler_null)
    __scatterload_zeroinit                   0x00000149   Thumb Code    28  __scatter_zi.o(!!handler_zi)
    _printf_percent                          0x00000165   Thumb Code     0  _printf_percent.o(.ARM.Collect$$_printf_percent$$00000000)
    _printf_n                                0x00000167   Thumb Code     0  _printf_n.o(.ARM.Collect$$_printf_percent$$00000001)
    _printf_p                                0x00000171   Thumb Code     0  _printf_p.o(.ARM.Collect$$_printf_percent$$00000002)
    _printf_f                                0x0000017b   Thumb Code     0  _printf_f.o(.ARM.Collect$$_printf_percent$$00000003)
    _printf_e                                0x00000185   Thumb Code     0  _printf_e.o(.ARM.Collect$$_printf_percent$$00000004)
    _printf_g                                0x0000018f   Thumb Code     0  _printf_g.o(.ARM.Collect$$_printf_percent$$00000005)
    _printf_a                                0x00000199   Thumb Code     0  _printf_a.o(.ARM.Collect$$_printf_percent$$00000006)
    _printf_ll                               0x000001a3   Thumb Code     0  _printf_ll.o(.ARM.Collect$$_printf_percent$$00000007)
    _printf_i                                0x000001ad   Thumb Code     0  _printf_i.o(.ARM.Collect$$_printf_percent$$00000008)
    _printf_d                                0x000001b7   Thumb Code     0  _printf_d.o(.ARM.Collect$$_printf_percent$$00000009)
    _printf_u                                0x000001c1   Thumb Code     0  _printf_u.o(.ARM.Collect$$_printf_percent$$0000000A)
    _printf_o                                0x000001cb   Thumb Code     0  _printf_o.o(.ARM.Collect$$_printf_percent$$0000000B)
    _printf_x                                0x000001d5   Thumb Code     0  _printf_x.o(.ARM.Collect$$_printf_percent$$0000000C)
    _printf_lli                              0x000001df   Thumb Code     0  _printf_lli.o(.ARM.Collect$$_printf_percent$$0000000D)
    _printf_lld                              0x000001e9   Thumb Code     0  _printf_lld.o(.ARM.Collect$$_printf_percent$$0000000E)
    _printf_llu                              0x000001f3   Thumb Code     0  _printf_llu.o(.ARM.Collect$$_printf_percent$$0000000F)
    _printf_llo                              0x000001fd   Thumb Code     0  _printf_llo.o(.ARM.Collect$$_printf_percent$$00000010)
    _printf_llx                              0x00000207   Thumb Code     0  _printf_llx.o(.ARM.Collect$$_printf_percent$$00000011)
    _printf_l                                0x00000211   Thumb Code     0  _printf_l.o(.ARM.Collect$$_printf_percent$$00000012)
    _printf_c                                0x0000021b   Thumb Code     0  _printf_c.o(.ARM.Collect$$_printf_percent$$00000013)
    _printf_s                                0x00000225   Thumb Code     0  _printf_s.o(.ARM.Collect$$_printf_percent$$00000014)
    _printf_lc                               0x0000022f   Thumb Code     0  _printf_lc.o(.ARM.Collect$$_printf_percent$$00000015)
    _printf_ls                               0x00000239   Thumb Code     0  _printf_ls.o(.ARM.Collect$$_printf_percent$$00000016)
    _printf_percent_end                      0x00000243   Thumb Code     0  _printf_percent_end.o(.ARM.Collect$$_printf_percent$$00000017)
    __rt_lib_init                            0x00000247   Thumb Code     0  libinit.o(.ARM.Collect$$libinit$$00000000)
    __rt_lib_init_fp_1                       0x00000249   Thumb Code     0  libinit2.o(.ARM.Collect$$libinit$$00000002)
    __rt_lib_init_heap_1                     0x00000249   Thumb Code     0  libinit2.o(.ARM.Collect$$libinit$$0000000C)
    __rt_lib_init_lc_common                  0x00000249   Thumb Code     0  libinit2.o(.ARM.Collect$$libinit$$00000011)
    __rt_lib_init_preinit_1                  0x00000249   Thumb Code     0  libinit2.o(.ARM.Collect$$libinit$$00000006)
    __rt_lib_init_rand_1                     0x00000249   Thumb Code     0  libinit2.o(.ARM.Collect$$libinit$$00000010)
    __rt_lib_init_relocate_pie_1             0x00000249   Thumb Code     0  libinit2.o(.ARM.Collect$$libinit$$00000004)
    __rt_lib_init_user_alloc_1               0x00000249   Thumb Code     0  libinit2.o(.ARM.Collect$$libinit$$0000000E)
    __rt_lib_init_lc_collate_1               0x0000024f   Thumb Code     0  libinit2.o(.ARM.Collect$$libinit$$00000013)
    __rt_lib_init_lc_ctype_2                 0x0000024f   Thumb Code     0  libinit2.o(.ARM.Collect$$libinit$$00000014)
    __rt_lib_init_lc_ctype_1                 0x0000025b   Thumb Code     0  libinit2.o(.ARM.Collect$$libinit$$00000015)
    __rt_lib_init_lc_monetary_1              0x0000025b   Thumb Code     0  libinit2.o(.ARM.Collect$$libinit$$00000017)
    __rt_lib_init_lc_numeric_2               0x0000025b   Thumb Code     0  libinit2.o(.ARM.Collect$$libinit$$00000018)
    __rt_lib_init_alloca_1                   0x00000265   Thumb Code     0  libinit2.o(.ARM.Collect$$libinit$$00000030)
    __rt_lib_init_argv_1                     0x00000265   Thumb Code     0  libinit2.o(.ARM.Collect$$libinit$$0000002E)
    __rt_lib_init_atexit_1                   0x00000265   Thumb Code     0  libinit2.o(.ARM.Collect$$libinit$$0000001D)
    __rt_lib_init_clock_1                    0x00000265   Thumb Code     0  libinit2.o(.ARM.Collect$$libinit$$00000023)
    __rt_lib_init_cpp_1                      0x00000265   Thumb Code     0  libinit2.o(.ARM.Collect$$libinit$$00000034)
    __rt_lib_init_exceptions_1               0x00000265   Thumb Code     0  libinit2.o(.ARM.Collect$$libinit$$00000032)
    __rt_lib_init_fp_trap_1                  0x00000265   Thumb Code     0  libinit2.o(.ARM.Collect$$libinit$$00000021)
    __rt_lib_init_getenv_1                   0x00000265   Thumb Code     0  libinit2.o(.ARM.Collect$$libinit$$00000025)
    __rt_lib_init_lc_numeric_1               0x00000265   Thumb Code     0  libinit2.o(.ARM.Collect$$libinit$$00000019)
    __rt_lib_init_lc_time_1                  0x00000265   Thumb Code     0  libinit2.o(.ARM.Collect$$libinit$$0000001B)
    __rt_lib_init_return                     0x00000265   Thumb Code     0  libinit2.o(.ARM.Collect$$libinit$$00000035)
    __rt_lib_init_signal_1                   0x00000265   Thumb Code     0  libinit2.o(.ARM.Collect$$libinit$$0000001F)
    __rt_lib_init_stdio_1                    0x00000265   Thumb Code     0  libinit2.o(.ARM.Collect$$libinit$$00000027)
    __rt_lib_shutdown                        0x00000267   Thumb Code     0  libshutdown.o(.ARM.Collect$$libshutdown$$00000000)
    __rt_lib_shutdown_cpp_1                  0x00000269   Thumb Code     0  libshutdown2.o(.ARM.Collect$$libshutdown$$00000002)
    __rt_lib_shutdown_fp_trap_1              0x00000269   Thumb Code     0  libshutdown2.o(.ARM.Collect$$libshutdown$$00000007)
    __rt_lib_shutdown_heap_1                 0x00000269   Thumb Code     0  libshutdown2.o(.ARM.Collect$$libshutdown$$0000000F)
    __rt_lib_shutdown_return                 0x00000269   Thumb Code     0  libshutdown2.o(.ARM.Collect$$libshutdown$$00000010)
    __rt_lib_shutdown_signal_1               0x00000269   Thumb Code     0  libshutdown2.o(.ARM.Collect$$libshutdown$$0000000A)
    __rt_lib_shutdown_stdio_1                0x00000269   Thumb Code     0  libshutdown2.o(.ARM.Collect$$libshutdown$$00000004)
    __rt_lib_shutdown_user_alloc_1           0x00000269   Thumb Code     0  libshutdown2.o(.ARM.Collect$$libshutdown$$0000000C)
    __rt_entry                               0x0000026b   Thumb Code     0  __rtentry.o(.ARM.Collect$$rtentry$$00000000)
    __rt_entry_presh_1                       0x0000026b   Thumb Code     0  __rtentry2.o(.ARM.Collect$$rtentry$$00000002)
    __rt_entry_sh                            0x0000026b   Thumb Code     0  __rtentry4.o(.ARM.Collect$$rtentry$$00000004)
    __rt_entry_li                            0x00000271   Thumb Code     0  __rtentry2.o(.ARM.Collect$$rtentry$$0000000A)
    __rt_entry_postsh_1                      0x00000271   Thumb Code     0  __rtentry2.o(.ARM.Collect$$rtentry$$00000009)
    __rt_entry_main                          0x00000275   Thumb Code     0  __rtentry2.o(.ARM.Collect$$rtentry$$0000000D)
    __rt_entry_postli_1                      0x00000275   Thumb Code     0  __rtentry2.o(.ARM.Collect$$rtentry$$0000000C)
    __rt_exit                                0x0000027d   Thumb Code     0  rtexit.o(.ARM.Collect$$rtexit$$00000000)
    __rt_exit_ls                             0x0000027f   Thumb Code     0  rtexit2.o(.ARM.Collect$$rtexit$$00000003)
    __rt_exit_prels_1                        0x0000027f   Thumb Code     0  rtexit2.o(.ARM.Collect$$rtexit$$00000002)
    __rt_exit_exit                           0x00000283   Thumb Code     0  rtexit2.o(.ARM.Collect$$rtexit$$00000004)
    Reset_Handler                            0x00000289   Thumb Code     4  startup_mspm0g350x_uvision.o(.text)
    NMI_Handler                              0x0000028d   Thumb Code     2  startup_mspm0g350x_uvision.o(.text)
    HardFault_Handler                        0x0000028f   Thumb Code     2  startup_mspm0g350x_uvision.o(.text)
    ADC0_IRQHandler                          0x00000297   Thumb Code     0  startup_mspm0g350x_uvision.o(.text)
    ADC1_IRQHandler                          0x00000297   Thumb Code     0  startup_mspm0g350x_uvision.o(.text)
    AES_IRQHandler                           0x00000297   Thumb Code     0  startup_mspm0g350x_uvision.o(.text)
    CANFD0_IRQHandler                        0x00000297   Thumb Code     0  startup_mspm0g350x_uvision.o(.text)
    DAC0_IRQHandler                          0x00000297   Thumb Code     0  startup_mspm0g350x_uvision.o(.text)
    DMA_IRQHandler                           0x00000297   Thumb Code     0  startup_mspm0g350x_uvision.o(.text)
    Default_Handler                          0x00000297   Thumb Code     2  startup_mspm0g350x_uvision.o(.text)
    GROUP0_IRQHandler                        0x00000297   Thumb Code     0  startup_mspm0g350x_uvision.o(.text)
    GROUP1_IRQHandler                        0x00000297   Thumb Code     0  startup_mspm0g350x_uvision.o(.text)
    I2C0_IRQHandler                          0x00000297   Thumb Code     0  startup_mspm0g350x_uvision.o(.text)
    I2C1_IRQHandler                          0x00000297   Thumb Code     0  startup_mspm0g350x_uvision.o(.text)
    RTC_IRQHandler                           0x00000297   Thumb Code     0  startup_mspm0g350x_uvision.o(.text)
    SPI0_IRQHandler                          0x00000297   Thumb Code     0  startup_mspm0g350x_uvision.o(.text)
    SPI1_IRQHandler                          0x00000297   Thumb Code     0  startup_mspm0g350x_uvision.o(.text)
    TIMA0_IRQHandler                         0x00000297   Thumb Code     0  startup_mspm0g350x_uvision.o(.text)
    TIMA1_IRQHandler                         0x00000297   Thumb Code     0  startup_mspm0g350x_uvision.o(.text)
    TIMG0_IRQHandler                         0x00000297   Thumb Code     0  startup_mspm0g350x_uvision.o(.text)
    TIMG12_IRQHandler                        0x00000297   Thumb Code     0  startup_mspm0g350x_uvision.o(.text)
    TIMG6_IRQHandler                         0x00000297   Thumb Code     0  startup_mspm0g350x_uvision.o(.text)
    TIMG7_IRQHandler                         0x00000297   Thumb Code     0  startup_mspm0g350x_uvision.o(.text)
    TIMG8_IRQHandler                         0x00000297   Thumb Code     0  startup_mspm0g350x_uvision.o(.text)
    UART0_IRQHandler                         0x00000297   Thumb Code     0  startup_mspm0g350x_uvision.o(.text)
    UART1_IRQHandler                         0x00000297   Thumb Code     0  startup_mspm0g350x_uvision.o(.text)
    UART2_IRQHandler                         0x00000297   Thumb Code     0  startup_mspm0g350x_uvision.o(.text)
    UART3_IRQHandler                         0x00000297   Thumb Code     0  startup_mspm0g350x_uvision.o(.text)
    __user_initial_stackheap                 0x00000299   Thumb Code    10  startup_mspm0g350x_uvision.o(.text)
    vsnprintf                                0x000002b5   Thumb Code    56  vsnprintf.o(.text)
    strlen                                   0x000002f1   Thumb Code    62  strlen.o(.text)
    __aeabi_uidivmod                         0x00000335   Thumb Code    28  aeabi_sdivfast.o(.text)
    __aeabi_idivmod                          0x00000351   Thumb Code   472  aeabi_sdivfast.o(.text)
    __use_two_region_memory                  0x0000052d   Thumb Code     2  heapauxi.o(.text)
    __rt_heap_escrow$2region                 0x0000052f   Thumb Code     2  heapauxi.o(.text)
    __rt_heap_expand$2region                 0x00000531   Thumb Code     2  heapauxi.o(.text)
    _printf_pre_padding                      0x00000533   Thumb Code    44  _printf_pad.o(.text)
    _printf_post_padding                     0x0000055f   Thumb Code    34  _printf_pad.o(.text)
    _printf_truncate_signed                  0x00000581   Thumb Code    18  _printf_truncate.o(.text)
    _printf_truncate_unsigned                0x00000593   Thumb Code    18  _printf_truncate.o(.text)
    _printf_str                              0x000005a5   Thumb Code    82  _printf_str.o(.text)
    _printf_int_dec                          0x000005f9   Thumb Code    90  _printf_dec.o(.text)
    _printf_charcount                        0x00000665   Thumb Code    38  _printf_charcount.o(.text)
    _printf_char_common                      0x00000697   Thumb Code    32  _printf_char_common.o(.text)
    _snputc                                  0x000006bd   Thumb Code    16  _snputc.o(.text)
    _printf_wctomb                           0x000006cd   Thumb Code   182  _printf_wctomb.o(.text)
    _printf_longlong_dec                     0x00000789   Thumb Code    94  _printf_longlong_dec.o(.text)
    _printf_longlong_oct                     0x000007f9   Thumb Code    68  _printf_oct_int_ll.o(.text)
    _printf_int_oct                          0x0000083d   Thumb Code    24  _printf_oct_int_ll.o(.text)
    _printf_ll_oct                           0x00000855   Thumb Code    10  _printf_oct_int_ll.o(.text)
    _printf_longlong_hex                     0x00000869   Thumb Code    88  _printf_hex_int_ll_ptr.o(.text)
    _printf_int_hex                          0x000008c1   Thumb Code    28  _printf_hex_int_ll_ptr.o(.text)
    _printf_ll_hex                           0x000008dd   Thumb Code    10  _printf_hex_int_ll_ptr.o(.text)
    _printf_hex_ptr                          0x000008e7   Thumb Code    22  _printf_hex_int_ll_ptr.o(.text)
    __printf                                 0x00000901   Thumb Code   386  __printf_flags_ss_wp.o(.text)
    _ll_udiv10                               0x00000a89   Thumb Code   122  lludiv10.o(.text)
    _printf_int_common                       0x00000b03   Thumb Code   176  _printf_intcommon.o(.text)
    _printf_fp_dec_real                      0x00000d51   Thumb Code   620  _printf_fp_dec.o(.text)
    _printf_fp_hex_real                      0x00000fc9   Thumb Code   718  _printf_fp_hex.o(.text)
    _printf_cs_common                        0x000012a1   Thumb Code    22  _printf_char.o(.text)
    _printf_char                             0x000012b7   Thumb Code    16  _printf_char.o(.text)
    _printf_string                           0x000012c7   Thumb Code     8  _printf_char.o(.text)
    _printf_lcs_common                       0x000012cf   Thumb Code    22  _printf_wchar.o(.text)
    _printf_wchar                            0x000012e5   Thumb Code    16  _printf_wchar.o(.text)
    _printf_wstring                          0x000012f5   Thumb Code     8  _printf_wchar.o(.text)
    _c16rtomb                                0x000012fd   Thumb Code    66  _c16rtomb.o(.text)
    _wcrtomb                                 0x000012fd   Thumb Code     0  _c16rtomb.o(.text)
    __rt_udiv10                              0x0000133f   Thumb Code    40  rtudiv10.o(.text)
    __user_setup_stackheap                   0x00001367   Thumb Code    62  sys_stackheap_outer.o(.text)
    __rt_ctype_table                         0x000013a5   Thumb Code    16  rt_ctype_table.o(.text)
    __rt_locale                              0x000013b5   Thumb Code     8  rt_locale_intlibspace.o(.text)
    _printf_fp_infnan                        0x000013bd   Thumb Code   120  _printf_fp_infnan.o(.text)
    _btod_etento                             0x00001445   Thumb Code   210  bigflt0.o(.text)
    _btod_d2e                                0x0000151d   Thumb Code    64  btod.o(.text)
    _btod_emul                               0x00001951   Thumb Code    28  btod.o(.text)
    _btod_emuld                              0x0000196d   Thumb Code   144  btod.o(.text)
    _btod_ediv                               0x000019fd   Thumb Code    26  btod.o(.text)
    _btod_edivd                              0x00001a17   Thumb Code   124  btod.o(.text)
    exit                                     0x00001a9d   Thumb Code    16  exit.o(.text)
    __user_libspace                          0x00001aad   Thumb Code     8  libspace.o(.text)
    __user_perproc_libspace                  0x00001aad   Thumb Code     0  libspace.o(.text)
    __user_perthread_libspace                0x00001aad   Thumb Code     0  libspace.o(.text)
    strcmp                                   0x00001ab5   Thumb Code   176  strcmpv6m.o(.text)
    _sys_exit                                0x00001b65   Thumb Code     8  sys_exit.o(.text)
    __I$use$semihosting                      0x00001b71   Thumb Code     0  use_no_semi.o(.text)
    __use_no_semihosting_swi                 0x00001b71   Thumb Code     2  use_no_semi.o(.text)
    DL_Common_delayCycles                    0x00001b73   Thumb Code    10  dl_common.o(.text.DL_Common_delayCycles)
    __semihosting_library_function           0x00001b73   Thumb Code     0  indicate_semi.o(.text)
    DL_Timer_initFourCCPWMMode               0x00001b7d   Thumb Code   264  dl_timer.o(.text.DL_Timer_initFourCCPWMMode)
    DL_Timer_initTimerMode                   0x00001c85   Thumb Code   240  dl_timer.o(.text.DL_Timer_initTimerMode)
    DL_Timer_setCaptCompUpdateMethod         0x00001d75   Thumb Code    28  dl_timer.o(.text.DL_Timer_setCaptCompUpdateMethod)
    DL_Timer_setCaptureCompareOutCtl         0x00001d91   Thumb Code    24  dl_timer.o(.text.DL_Timer_setCaptureCompareOutCtl)
    DL_Timer_setCaptureCompareValue          0x00001da9   Thumb Code    16  dl_timer.o(.text.DL_Timer_setCaptureCompareValue)
    DL_Timer_setClockConfig                  0x00001db9   Thumb Code    28  dl_timer.o(.text.DL_Timer_setClockConfig)
    DL_UART_init                             0x00001dd5   Thumb Code    72  dl_uart.o(.text.DL_UART_init)
    DL_UART_setClockConfig                   0x00001e1d   Thumb Code    18  dl_uart.o(.text.DL_UART_setClockConfig)
    DL_UART_transmitDataBlocking             0x00001e31   Thumb Code    20  dl_uart.o(.text.DL_UART_transmitDataBlocking)
    Gray_Detection_Init                      0x00001e45   Thumb Code    12  gray_detection.o(.text.Gray_Detection_Init)
    Gray_ReadData                            0x00001e51   Thumb Code    96  gray_detection.o(.text.Gray_ReadData)
    LOG_I                                    0x00001ef1   Thumb Code    56  log.o(.text.LOG_I)
    OLED_Clear                               0x00001f35   Thumb Code   120  oled.o(.text.OLED_Clear)
    OLED_DrawBMP                             0x00001fad   Thumb Code   184  oled.o(.text.OLED_DrawBMP)
    OLED_HorizontalShift                     0x00002065   Thumb Code   192  oled.o(.text.OLED_HorizontalShift)
    OLED_Init                                0x00002125   Thumb Code    52  oled.o(.text.OLED_Init)
    OLED_ShowCHinese                         0x0000215d   Thumb Code   260  oled.o(.text.OLED_ShowCHinese)
    OLED_ShowChar                            0x00002269   Thumb Code   404  oled.o(.text.OLED_ShowChar)
    OLED_Test                                0x00002409   Thumb Code   420  oled.o(.text.OLED_Test)
    PendSV_Handler                           0x000025e1   Thumb Code    68  port.o(.text.PendSV_Handler)
    SVC_Handler                              0x00002625   Thumb Code     2  port.o(.text.SVC_Handler)
    SYSCFG_DL_GPIO_init                      0x00002629   Thumb Code    80  ti_msp_dl_config.o(.text.SYSCFG_DL_GPIO_init)
    SYSCFG_DL_Motor_PWM1_init                0x00002685   Thumb Code   108  ti_msp_dl_config.o(.text.SYSCFG_DL_Motor_PWM1_init)
    SYSCFG_DL_Motor_PWM2_init                0x00002701   Thumb Code   108  ti_msp_dl_config.o(.text.SYSCFG_DL_Motor_PWM2_init)
    SYSCFG_DL_SYSCTL_init                    0x0000277d   Thumb Code    20  ti_msp_dl_config.o(.text.SYSCFG_DL_SYSCTL_init)
    SYSCFG_DL_TIMER_delay_init               0x00002799   Thumb Code    36  ti_msp_dl_config.o(.text.SYSCFG_DL_TIMER_delay_init)
    SYSCFG_DL_UART_DEBUG_init                0x000027d1   Thumb Code    76  ti_msp_dl_config.o(.text.SYSCFG_DL_UART_DEBUG_init)
    SYSCFG_DL_init                           0x00002831   Thumb Code    44  ti_msp_dl_config.o(.text.SYSCFG_DL_init)
    SYSCFG_DL_initPower                      0x00002865   Thumb Code    52  ti_msp_dl_config.o(.text.SYSCFG_DL_initPower)
    SoftWareI2C_Read_Len                     0x000028b9   Thumb Code   154  software_i2c.o(.text.SoftWareI2C_Read_Len)
    SoftWareI2C_Write_Len                    0x00002953   Thumb Code   126  software_i2c.o(.text.SoftWareI2C_Write_Len)
    SoftwareI2C_Init                         0x000029d1   Thumb Code    36  software_i2c.o(.text.SoftwareI2C_Init)
    SoftwareI2C_ReceiveByte                  0x000029f9   Thumb Code   200  software_i2c.o(.text.SoftwareI2C_ReceiveByte)
    SoftwareI2C_SendAck                      0x00002ac1   Thumb Code   104  software_i2c.o(.text.SoftwareI2C_SendAck)
    SoftwareI2C_SendByte                     0x00002b29   Thumb Code   132  software_i2c.o(.text.SoftwareI2C_SendByte)
    SoftwareI2C_Start                        0x00002bad   Thumb Code   128  software_i2c.o(.text.SoftwareI2C_Start)
    SoftwareI2C_Stop                         0x00002c2d   Thumb Code   104  software_i2c.o(.text.SoftwareI2C_Stop)
    SoftwareI2C_WaitAck                      0x00002c95   Thumb Code   208  software_i2c.o(.text.SoftwareI2C_WaitAck)
    SysTick_Handler                          0x00002d71   Thumb Code    32  port.o(.text.SysTick_Handler)
    delay_ms                                 0x00002d91   Thumb Code    74  delay.o(.text.delay_ms)
    delay_us                                 0x00002ddb   Thumb Code    20  delay.o(.text.delay_us)
    main                                     0x00002def   Thumb Code    30  main.o(.text.main)
    pca9555_read_bit12                       0x00002e0d   Thumb Code    48  pca9555.o(.text.pca9555_read_bit12)
    ulSetInterruptMaskFromISR                0x00002e3d   Thumb Code     8  port.o(.text.ulSetInterruptMaskFromISR)
    usart_printf                             0x00002e45   Thumb Code    70  uart.o(.text.usart_printf)
    uxListRemove                             0x00002e8b   Thumb Code    32  list.o(.text.uxListRemove)
    vApplicationStackOverflowHook            0x00002eab   Thumb Code     2  apphooks_freertos.o(.text.vApplicationStackOverflowHook)
    vClearInterruptMaskFromISR               0x00002ead   Thumb Code     6  port.o(.text.vClearInterruptMaskFromISR)
    vListInsert                              0x00002eb3   Thumb Code    60  list.o(.text.vListInsert)
    vListInsertEnd                           0x00002eef   Thumb Code    22  list.o(.text.vListInsertEnd)
    vPortEnterCritical                       0x00002f05   Thumb Code    20  port.o(.text.vPortEnterCritical)
    vPortExitCritical                        0x00002f19   Thumb Code    24  port.o(.text.vPortExitCritical)
    vPortYield                               0x00002f35   Thumb Code    20  port.o(.text.vPortYield)
    vTaskDelay                               0x00002f4d   Thumb Code   104  tasks.o(.text.vTaskDelay)
    vTaskSwitchContext                       0x00002fb5   Thumb Code   204  tasks.o(.text.vTaskSwitchContext)
    xTaskGetSchedulerState                   0x00003085   Thumb Code    24  tasks.o(.text.xTaskGetSchedulerState)
    xTaskIncrementTick                       0x000030a1   Thumb Code   248  tasks.o(.text.xTaskIncrementTick)
    xTaskResumeAll                           0x000031a5   Thumb Code   216  tasks.o(.text.xTaskResumeAll)
    __aeabi_uidiv                            0x000032a5   Thumb Code    68  aeabi_sdivfast.o(.text_divfast)
    __aeabi_idiv                             0x000032e9   Thumb Code   434  aeabi_sdivfast.o(.text_divfast)
    __ARM_common_ll_muluu                    0x0000349b   Thumb Code    48  btod.o(i.__ARM_common_ll_muluu)
    __ARM_fpclassify                         0x000034cd   Thumb Code    40  fpclassify.o(i.__ARM_fpclassify)
    _is_digit                                0x000034f9   Thumb Code    14  __printf_wp.o(i._is_digit)
    _get_lc_numeric                          0x00003509   Thumb Code    44  lc_numeric_c.o(locale$$code)
    _get_lc_ctype                            0x00003535   Thumb Code    44  lc_ctype_c.o(locale$$code)
    _printf_fp_dec                           0x00003561   Thumb Code    16  printf1.o(x$fpl$printf1)
    _printf_fp_hex                           0x00003571   Thumb Code    16  printf2.o(x$fpl$printf2)
    __I$use$fp                               0x00003580   Number         0  usenofp.o(x$fpl$usenofp)
    F6x8                                     0x00003693   Data         552  oled_data.o(.rodata.F6x8)
    F8X16                                    0x000038bb   Data        1504  oled_data.o(.rodata.F8X16)
    Hzk                                      0x00003e9b   Data         192  oled_data.o(.rodata.Hzk)
    Region$$Table$$Base                      0x00003fa8   Number         0  anon$$obj.o(Region$$Table)
    Region$$Table$$Limit                     0x00003fc8   Number         0  anon$$obj.o(Region$$Table)
    __ctype                                  0x00003ff1   Data           0  lc_ctype_c.o(locale$$data)
    BMP1                                     0x20200000   Data         128  oled_data.o(.data.BMP1)
    oled_i2c                                 0x20200080   Data          32  oled.o(.data.oled_i2c)
    pca9555_i2c                              0x202000a0   Data          32  gray_detection.o(.data.pca9555_i2c)
    __libspace_start                         0x202000c8   Data          96  libspace.o(.bss)
    __temporary_stack_top$libspace           0x20200128   Data           0  libspace.o(.bss)
    gMotor_PWM1Backup                        0x20200128   Data         188  ti_msp_dl_config.o(.bss.gMotor_PWM1Backup)
    gTIMER_delayBackup                       0x202001e4   Data         188  ti_msp_dl_config.o(.bss.gTIMER_delayBackup)
    gray_datas                               0x202002a0   Data          12  gray_detection.o(.bss.gray_datas)
    pxCurrentTCB                             0x202002ac   Data           4  tasks.o(.bss.pxCurrentTCB)



==============================================================================

Memory Map of the image

  Image Entry point : 0x000000c1

  Load Region LR_IROM1 (Base: 0x00000000, Size: 0x000041c0, Max: 0x00020000, ABSOLUTE)

    Execution Region ER_IROM1 (Exec base: 0x00000000, Load base: 0x00000000, Size: 0x000040f4, Max: 0x00020000, ABSOLUTE)

    Exec Addr    Load Addr    Size         Type   Attr      Idx    E Section Name        Object

    0x00000000   0x00000000   0x000000c0   Data   RO           41    RESET               startup_mspm0g350x_uvision.o
    0x000000c0   0x000000c0   0x00000008   Code   RO          779  * !!!main             c_p.l(__main.o)
    0x000000c8   0x000000c8   0x00000054   Code   RO         1164    !!!scatter          c_p.l(__scatter.o)
    0x0000011c   0x0000011c   0x00000004   PAD
    0x00000120   0x00000120   0x0000001a   Code   RO         1168    !!handler_copy      c_p.l(__scatter_copy.o)
    0x0000013a   0x0000013a   0x00000006   PAD
    0x00000140   0x00000140   0x00000002   Code   RO         1165    !!handler_null      c_p.l(__scatter.o)
    0x00000142   0x00000142   0x00000006   PAD
    0x00000148   0x00000148   0x0000001c   Code   RO         1170    !!handler_zi        c_p.l(__scatter_zi.o)
    0x00000164   0x00000164   0x00000002   Code   RO          903    .ARM.Collect$$_printf_percent$$00000000  c_p.l(_printf_percent.o)
    0x00000166   0x00000166   0x0000000a   Code   RO          892    .ARM.Collect$$_printf_percent$$00000001  c_p.l(_printf_n.o)
    0x00000170   0x00000170   0x0000000a   Code   RO          894    .ARM.Collect$$_printf_percent$$00000002  c_p.l(_printf_p.o)
    0x0000017a   0x0000017a   0x0000000a   Code   RO          899    .ARM.Collect$$_printf_percent$$00000003  c_p.l(_printf_f.o)
    0x00000184   0x00000184   0x0000000a   Code   RO          900    .ARM.Collect$$_printf_percent$$00000004  c_p.l(_printf_e.o)
    0x0000018e   0x0000018e   0x0000000a   Code   RO          901    .ARM.Collect$$_printf_percent$$00000005  c_p.l(_printf_g.o)
    0x00000198   0x00000198   0x0000000a   Code   RO          902    .ARM.Collect$$_printf_percent$$00000006  c_p.l(_printf_a.o)
    0x000001a2   0x000001a2   0x0000000a   Code   RO          907    .ARM.Collect$$_printf_percent$$00000007  c_p.l(_printf_ll.o)
    0x000001ac   0x000001ac   0x0000000a   Code   RO          896    .ARM.Collect$$_printf_percent$$00000008  c_p.l(_printf_i.o)
    0x000001b6   0x000001b6   0x0000000a   Code   RO          897    .ARM.Collect$$_printf_percent$$00000009  c_p.l(_printf_d.o)
    0x000001c0   0x000001c0   0x0000000a   Code   RO          898    .ARM.Collect$$_printf_percent$$0000000A  c_p.l(_printf_u.o)
    0x000001ca   0x000001ca   0x0000000a   Code   RO          895    .ARM.Collect$$_printf_percent$$0000000B  c_p.l(_printf_o.o)
    0x000001d4   0x000001d4   0x0000000a   Code   RO          893    .ARM.Collect$$_printf_percent$$0000000C  c_p.l(_printf_x.o)
    0x000001de   0x000001de   0x0000000a   Code   RO          904    .ARM.Collect$$_printf_percent$$0000000D  c_p.l(_printf_lli.o)
    0x000001e8   0x000001e8   0x0000000a   Code   RO          905    .ARM.Collect$$_printf_percent$$0000000E  c_p.l(_printf_lld.o)
    0x000001f2   0x000001f2   0x0000000a   Code   RO          906    .ARM.Collect$$_printf_percent$$0000000F  c_p.l(_printf_llu.o)
    0x000001fc   0x000001fc   0x0000000a   Code   RO          911    .ARM.Collect$$_printf_percent$$00000010  c_p.l(_printf_llo.o)
    0x00000206   0x00000206   0x0000000a   Code   RO          912    .ARM.Collect$$_printf_percent$$00000011  c_p.l(_printf_llx.o)
    0x00000210   0x00000210   0x0000000a   Code   RO          908    .ARM.Collect$$_printf_percent$$00000012  c_p.l(_printf_l.o)
    0x0000021a   0x0000021a   0x0000000a   Code   RO          890    .ARM.Collect$$_printf_percent$$00000013  c_p.l(_printf_c.o)
    0x00000224   0x00000224   0x0000000a   Code   RO          891    .ARM.Collect$$_printf_percent$$00000014  c_p.l(_printf_s.o)
    0x0000022e   0x0000022e   0x0000000a   Code   RO          909    .ARM.Collect$$_printf_percent$$00000015  c_p.l(_printf_lc.o)
    0x00000238   0x00000238   0x0000000a   Code   RO          910    .ARM.Collect$$_printf_percent$$00000016  c_p.l(_printf_ls.o)
    0x00000242   0x00000242   0x00000004   Code   RO          964    .ARM.Collect$$_printf_percent$$00000017  c_p.l(_printf_percent_end.o)
    0x00000246   0x00000246   0x00000002   Code   RO         1006    .ARM.Collect$$libinit$$00000000  c_p.l(libinit.o)
    0x00000248   0x00000248   0x00000000   Code   RO         1035    .ARM.Collect$$libinit$$00000002  c_p.l(libinit2.o)
    0x00000248   0x00000248   0x00000000   Code   RO         1037    .ARM.Collect$$libinit$$00000004  c_p.l(libinit2.o)
    0x00000248   0x00000248   0x00000000   Code   RO         1039    .ARM.Collect$$libinit$$00000006  c_p.l(libinit2.o)
    0x00000248   0x00000248   0x00000000   Code   RO         1042    .ARM.Collect$$libinit$$0000000C  c_p.l(libinit2.o)
    0x00000248   0x00000248   0x00000000   Code   RO         1044    .ARM.Collect$$libinit$$0000000E  c_p.l(libinit2.o)
    0x00000248   0x00000248   0x00000000   Code   RO         1046    .ARM.Collect$$libinit$$00000010  c_p.l(libinit2.o)
    0x00000248   0x00000248   0x00000006   Code   RO         1047    .ARM.Collect$$libinit$$00000011  c_p.l(libinit2.o)
    0x0000024e   0x0000024e   0x00000000   Code   RO         1049    .ARM.Collect$$libinit$$00000013  c_p.l(libinit2.o)
    0x0000024e   0x0000024e   0x0000000c   Code   RO         1050    .ARM.Collect$$libinit$$00000014  c_p.l(libinit2.o)
    0x0000025a   0x0000025a   0x00000000   Code   RO         1051    .ARM.Collect$$libinit$$00000015  c_p.l(libinit2.o)
    0x0000025a   0x0000025a   0x00000000   Code   RO         1053    .ARM.Collect$$libinit$$00000017  c_p.l(libinit2.o)
    0x0000025a   0x0000025a   0x0000000a   Code   RO         1054    .ARM.Collect$$libinit$$00000018  c_p.l(libinit2.o)
    0x00000264   0x00000264   0x00000000   Code   RO         1055    .ARM.Collect$$libinit$$00000019  c_p.l(libinit2.o)
    0x00000264   0x00000264   0x00000000   Code   RO         1057    .ARM.Collect$$libinit$$0000001B  c_p.l(libinit2.o)
    0x00000264   0x00000264   0x00000000   Code   RO         1059    .ARM.Collect$$libinit$$0000001D  c_p.l(libinit2.o)
    0x00000264   0x00000264   0x00000000   Code   RO         1061    .ARM.Collect$$libinit$$0000001F  c_p.l(libinit2.o)
    0x00000264   0x00000264   0x00000000   Code   RO         1063    .ARM.Collect$$libinit$$00000021  c_p.l(libinit2.o)
    0x00000264   0x00000264   0x00000000   Code   RO         1065    .ARM.Collect$$libinit$$00000023  c_p.l(libinit2.o)
    0x00000264   0x00000264   0x00000000   Code   RO         1067    .ARM.Collect$$libinit$$00000025  c_p.l(libinit2.o)
    0x00000264   0x00000264   0x00000000   Code   RO         1069    .ARM.Collect$$libinit$$00000027  c_p.l(libinit2.o)
    0x00000264   0x00000264   0x00000000   Code   RO         1073    .ARM.Collect$$libinit$$0000002E  c_p.l(libinit2.o)
    0x00000264   0x00000264   0x00000000   Code   RO         1075    .ARM.Collect$$libinit$$00000030  c_p.l(libinit2.o)
    0x00000264   0x00000264   0x00000000   Code   RO         1077    .ARM.Collect$$libinit$$00000032  c_p.l(libinit2.o)
    0x00000264   0x00000264   0x00000000   Code   RO         1079    .ARM.Collect$$libinit$$00000034  c_p.l(libinit2.o)
    0x00000264   0x00000264   0x00000002   Code   RO         1080    .ARM.Collect$$libinit$$00000035  c_p.l(libinit2.o)
    0x00000266   0x00000266   0x00000002   Code   RO         1119    .ARM.Collect$$libshutdown$$00000000  c_p.l(libshutdown.o)
    0x00000268   0x00000268   0x00000000   Code   RO         1147    .ARM.Collect$$libshutdown$$00000002  c_p.l(libshutdown2.o)
    0x00000268   0x00000268   0x00000000   Code   RO         1149    .ARM.Collect$$libshutdown$$00000004  c_p.l(libshutdown2.o)
    0x00000268   0x00000268   0x00000000   Code   RO         1152    .ARM.Collect$$libshutdown$$00000007  c_p.l(libshutdown2.o)
    0x00000268   0x00000268   0x00000000   Code   RO         1155    .ARM.Collect$$libshutdown$$0000000A  c_p.l(libshutdown2.o)
    0x00000268   0x00000268   0x00000000   Code   RO         1157    .ARM.Collect$$libshutdown$$0000000C  c_p.l(libshutdown2.o)
    0x00000268   0x00000268   0x00000000   Code   RO         1160    .ARM.Collect$$libshutdown$$0000000F  c_p.l(libshutdown2.o)
    0x00000268   0x00000268   0x00000002   Code   RO         1161    .ARM.Collect$$libshutdown$$00000010  c_p.l(libshutdown2.o)
    0x0000026a   0x0000026a   0x00000000   Code   RO          817    .ARM.Collect$$rtentry$$00000000  c_p.l(__rtentry.o)
    0x0000026a   0x0000026a   0x00000000   Code   RO          931    .ARM.Collect$$rtentry$$00000002  c_p.l(__rtentry2.o)
    0x0000026a   0x0000026a   0x00000006   Code   RO          943    .ARM.Collect$$rtentry$$00000004  c_p.l(__rtentry4.o)
    0x00000270   0x00000270   0x00000000   Code   RO          933    .ARM.Collect$$rtentry$$00000009  c_p.l(__rtentry2.o)
    0x00000270   0x00000270   0x00000004   Code   RO          934    .ARM.Collect$$rtentry$$0000000A  c_p.l(__rtentry2.o)
    0x00000274   0x00000274   0x00000000   Code   RO          936    .ARM.Collect$$rtentry$$0000000C  c_p.l(__rtentry2.o)
    0x00000274   0x00000274   0x00000008   Code   RO          937    .ARM.Collect$$rtentry$$0000000D  c_p.l(__rtentry2.o)
    0x0000027c   0x0000027c   0x00000002   Code   RO         1019    .ARM.Collect$$rtexit$$00000000  c_p.l(rtexit.o)
    0x0000027e   0x0000027e   0x00000000   Code   RO         1088    .ARM.Collect$$rtexit$$00000002  c_p.l(rtexit2.o)
    0x0000027e   0x0000027e   0x00000004   Code   RO         1089    .ARM.Collect$$rtexit$$00000003  c_p.l(rtexit2.o)
    0x00000282   0x00000282   0x00000006   Code   RO         1090    .ARM.Collect$$rtexit$$00000004  c_p.l(rtexit2.o)
    0x00000288   0x00000288   0x0000002c   Code   RO           42    .text               startup_mspm0g350x_uvision.o
    0x000002b4   0x000002b4   0x0000003c   Code   RO          759    .text               c_p.l(vsnprintf.o)
    0x000002f0   0x000002f0   0x00000044   Code   RO          761    .text               c_p.l(strlen.o)
    0x00000334   0x00000334   0x000001f8   Code   RO          769    .text               c_p.l(aeabi_sdivfast.o)
    0x0000052c   0x0000052c   0x00000006   Code   RO          777    .text               c_p.l(heapauxi.o)
    0x00000532   0x00000532   0x0000004e   Code   RO          824    .text               c_p.l(_printf_pad.o)
    0x00000580   0x00000580   0x00000024   Code   RO          826    .text               c_p.l(_printf_truncate.o)
    0x000005a4   0x000005a4   0x00000052   Code   RO          828    .text               c_p.l(_printf_str.o)
    0x000005f6   0x000005f6   0x00000002   PAD
    0x000005f8   0x000005f8   0x0000006c   Code   RO          830    .text               c_p.l(_printf_dec.o)
    0x00000664   0x00000664   0x00000026   Code   RO          832    .text               c_p.l(_printf_charcount.o)
    0x0000068a   0x0000068a   0x00000002   PAD
    0x0000068c   0x0000068c   0x00000030   Code   RO          834    .text               c_p.l(_printf_char_common.o)
    0x000006bc   0x000006bc   0x00000010   Code   RO          836    .text               c_p.l(_snputc.o)
    0x000006cc   0x000006cc   0x000000bc   Code   RO          838    .text               c_p.l(_printf_wctomb.o)
    0x00000788   0x00000788   0x00000070   Code   RO          841    .text               c_p.l(_printf_longlong_dec.o)
    0x000007f8   0x000007f8   0x00000070   Code   RO          847    .text               c_p.l(_printf_oct_int_ll.o)
    0x00000868   0x00000868   0x00000098   Code   RO          867    .text               c_p.l(_printf_hex_int_ll_ptr.o)
    0x00000900   0x00000900   0x00000188   Code   RO          887    .text               c_p.l(__printf_flags_ss_wp.o)
    0x00000a88   0x00000a88   0x0000007a   Code   RO          947    .text               c_p.l(lludiv10.o)
    0x00000b02   0x00000b02   0x000000b0   Code   RO          949    .text               c_p.l(_printf_intcommon.o)
    0x00000bb2   0x00000bb2   0x00000002   PAD
    0x00000bb4   0x00000bb4   0x00000414   Code   RO          951    .text               c_p.l(_printf_fp_dec.o)
    0x00000fc8   0x00000fc8   0x000002d8   Code   RO          955    .text               c_p.l(_printf_fp_hex.o)
    0x000012a0   0x000012a0   0x0000002e   Code   RO          960    .text               c_p.l(_printf_char.o)
    0x000012ce   0x000012ce   0x0000002e   Code   RO          962    .text               c_p.l(_printf_wchar.o)
    0x000012fc   0x000012fc   0x00000042   Code   RO          965    .text               c_p.l(_c16rtomb.o)
    0x0000133e   0x0000133e   0x00000028   Code   RO          967    .text               c_p.l(rtudiv10.o)
    0x00001366   0x00001366   0x0000003e   Code   RO          971    .text               c_p.l(sys_stackheap_outer.o)
    0x000013a4   0x000013a4   0x00000010   Code   RO          974    .text               c_p.l(rt_ctype_table.o)
    0x000013b4   0x000013b4   0x00000008   Code   RO          979    .text               c_p.l(rt_locale_intlibspace.o)
    0x000013bc   0x000013bc   0x00000088   Code   RO          981    .text               c_p.l(_printf_fp_infnan.o)
    0x00001444   0x00001444   0x000000d8   Code   RO          983    .text               c_p.l(bigflt0.o)
    0x0000151c   0x0000151c   0x00000580   Code   RO          986    .text               c_p.l(btod.o)
    0x00001a9c   0x00001a9c   0x00000010   Code   RO          995    .text               c_p.l(exit.o)
    0x00001aac   0x00001aac   0x00000008   Code   RO         1015    .text               c_p.l(libspace.o)
    0x00001ab4   0x00001ab4   0x000000b0   Code   RO         1032    .text               c_p.l(strcmpv6m.o)
    0x00001b64   0x00001b64   0x0000000c   Code   RO         1083    .text               c_p.l(sys_exit.o)
    0x00001b70   0x00001b70   0x00000002   Code   RO         1108    .text               c_p.l(use_no_semi.o)
    0x00001b72   0x00001b72   0x00000000   Code   RO         1110    .text               c_p.l(indicate_semi.o)
    0x00001b72   0x00001b72   0x0000000a   Code   RO          227    .text.DL_Common_delayCycles  driverlib.a(dl_common.o)
    0x00001b7c   0x00001b7c   0x00000108   Code   RO          316    .text.DL_Timer_initFourCCPWMMode  driverlib.a(dl_timer.o)
    0x00001c84   0x00001c84   0x000000f0   Code   RO          240    .text.DL_Timer_initTimerMode  driverlib.a(dl_timer.o)
    0x00001d74   0x00001d74   0x0000001c   Code   RO          282    .text.DL_Timer_setCaptCompUpdateMethod  driverlib.a(dl_timer.o)
    0x00001d90   0x00001d90   0x00000018   Code   RO          290    .text.DL_Timer_setCaptureCompareOutCtl  driverlib.a(dl_timer.o)
    0x00001da8   0x00001da8   0x00000010   Code   RO          242    .text.DL_Timer_setCaptureCompareValue  driverlib.a(dl_timer.o)
    0x00001db8   0x00001db8   0x0000001c   Code   RO          236    .text.DL_Timer_setClockConfig  driverlib.a(dl_timer.o)
    0x00001dd4   0x00001dd4   0x00000048   Code   RO          337    .text.DL_UART_init  driverlib.a(dl_uart.o)
    0x00001e1c   0x00001e1c   0x00000012   Code   RO          339    .text.DL_UART_setClockConfig  driverlib.a(dl_uart.o)
    0x00001e2e   0x00001e2e   0x00000002   PAD
    0x00001e30   0x00001e30   0x00000014   Code   RO          351    .text.DL_UART_transmitDataBlocking  driverlib.a(dl_uart.o)
    0x00001e44   0x00001e44   0x0000000c   Code   RO          213    .text.Gray_Detection_Init  gray_detection.o
    0x00001e50   0x00001e50   0x000000a0   Code   RO          215    .text.Gray_ReadData  gray_detection.o
    0x00001ef0   0x00001ef0   0x00000044   Code   RO           63    .text.LOG_I         log.o
    0x00001f34   0x00001f34   0x00000078   Code   RO           96    .text.OLED_Clear    oled.o
    0x00001fac   0x00001fac   0x000000b8   Code   RO          104    .text.OLED_DrawBMP  oled.o
    0x00002064   0x00002064   0x000000c0   Code   RO          106    .text.OLED_HorizontalShift  oled.o
    0x00002124   0x00002124   0x00000038   Code   RO           90    .text.OLED_Init     oled.o
    0x0000215c   0x0000215c   0x0000010c   Code   RO          100    .text.OLED_ShowCHinese  oled.o
    0x00002268   0x00002268   0x000001a0   Code   RO          120    .text.OLED_ShowChar  oled.o
    0x00002408   0x00002408   0x000001cc   Code   RO           94    .text.OLED_Test     oled.o
    0x000025d4   0x000025d4   0x0000000c   PAD
    0x000025e0   0x000025e0   0x00000044   Code   RO          650    .text.PendSV_Handler  freertos_builds_LP_MSPM0G3507_release_keil.lib(port.o)
    0x00002624   0x00002624   0x00000002   Code   RO          630    .text.SVC_Handler   freertos_builds_LP_MSPM0G3507_release_keil.lib(port.o)
    0x00002626   0x00002626   0x00000002   PAD
    0x00002628   0x00002628   0x0000005c   Code   RO            6    .text.SYSCFG_DL_GPIO_init  ti_msp_dl_config.o
    0x00002684   0x00002684   0x0000007c   Code   RO           10    .text.SYSCFG_DL_Motor_PWM1_init  ti_msp_dl_config.o
    0x00002700   0x00002700   0x0000007c   Code   RO           12    .text.SYSCFG_DL_Motor_PWM2_init  ti_msp_dl_config.o
    0x0000277c   0x0000277c   0x0000001c   Code   RO            8    .text.SYSCFG_DL_SYSCTL_init  ti_msp_dl_config.o
    0x00002798   0x00002798   0x00000038   Code   RO           14    .text.SYSCFG_DL_TIMER_delay_init  ti_msp_dl_config.o
    0x000027d0   0x000027d0   0x00000060   Code   RO           16    .text.SYSCFG_DL_UART_DEBUG_init  ti_msp_dl_config.o
    0x00002830   0x00002830   0x00000034   Code   RO            2    .text.SYSCFG_DL_init  ti_msp_dl_config.o
    0x00002864   0x00002864   0x00000054   Code   RO            4    .text.SYSCFG_DL_initPower  ti_msp_dl_config.o
    0x000028b8   0x000028b8   0x0000009a   Code   RO          181    .text.SoftWareI2C_Read_Len  software_i2c.o
    0x00002952   0x00002952   0x0000007e   Code   RO          179    .text.SoftWareI2C_Write_Len  software_i2c.o
    0x000029d0   0x000029d0   0x00000028   Code   RO          153    .text.SoftwareI2C_Init  software_i2c.o
    0x000029f8   0x000029f8   0x000000c8   Code   RO          171    .text.SoftwareI2C_ReceiveByte  software_i2c.o
    0x00002ac0   0x00002ac0   0x00000068   Code   RO          173    .text.SoftwareI2C_SendAck  software_i2c.o
    0x00002b28   0x00002b28   0x00000084   Code   RO          169    .text.SoftwareI2C_SendByte  software_i2c.o
    0x00002bac   0x00002bac   0x00000080   Code   RO          165    .text.SoftwareI2C_Start  software_i2c.o
    0x00002c2c   0x00002c2c   0x00000068   Code   RO          167    .text.SoftwareI2C_Stop  software_i2c.o
    0x00002c94   0x00002c94   0x000000dc   Code   RO          177    .text.SoftwareI2C_WaitAck  software_i2c.o
    0x00002d70   0x00002d70   0x00000020   Code   RO          652    .text.SysTick_Handler  freertos_builds_LP_MSPM0G3507_release_keil.lib(port.o)
    0x00002d90   0x00002d90   0x0000004a   Code   RO           51    .text.delay_ms      delay.o
    0x00002dda   0x00002dda   0x00000014   Code   RO           49    .text.delay_us      delay.o
    0x00002dee   0x00002dee   0x0000001e   Code   RO           80    .text.main          main.o
    0x00002e0c   0x00002e0c   0x00000030   Code   RO          144    .text.pca9555_read_bit12  pca9555.o
    0x00002e3c   0x00002e3c   0x00000008   Code   RO          646    .text.ulSetInterruptMaskFromISR  freertos_builds_LP_MSPM0G3507_release_keil.lib(port.o)
    0x00002e44   0x00002e44   0x00000046   Code   RO          193    .text.usart_printf  uart.o
    0x00002e8a   0x00002e8a   0x00000020   Code   RO          535    .text.uxListRemove  freertos_builds_LP_MSPM0G3507_release_keil.lib(list.o)
    0x00002eaa   0x00002eaa   0x00000002   Code   RO          668    .text.vApplicationStackOverflowHook  freertos_builds_LP_MSPM0G3507_release_keil.lib(apphooks_freertos.o)
    0x00002eac   0x00002eac   0x00000006   Code   RO          648    .text.vClearInterruptMaskFromISR  freertos_builds_LP_MSPM0G3507_release_keil.lib(port.o)
    0x00002eb2   0x00002eb2   0x0000003c   Code   RO          533    .text.vListInsert   freertos_builds_LP_MSPM0G3507_release_keil.lib(list.o)
    0x00002eee   0x00002eee   0x00000016   Code   RO          531    .text.vListInsertEnd  freertos_builds_LP_MSPM0G3507_release_keil.lib(list.o)
    0x00002f04   0x00002f04   0x00000014   Code   RO          642    .text.vPortEnterCritical  freertos_builds_LP_MSPM0G3507_release_keil.lib(port.o)
    0x00002f18   0x00002f18   0x0000001c   Code   RO          644    .text.vPortExitCritical  freertos_builds_LP_MSPM0G3507_release_keil.lib(port.o)
    0x00002f34   0x00002f34   0x00000018   Code   RO          640    .text.vPortYield    freertos_builds_LP_MSPM0G3507_release_keil.lib(port.o)
    0x00002f4c   0x00002f4c   0x00000068   Code   RO          393    .text.vTaskDelay    freertos_builds_LP_MSPM0G3507_release_keil.lib(tasks.o)
    0x00002fb4   0x00002fb4   0x000000d0   Code   RO          405    .text.vTaskSwitchContext  freertos_builds_LP_MSPM0G3507_release_keil.lib(tasks.o)
    0x00003084   0x00003084   0x0000001c   Code   RO          471    .text.xTaskGetSchedulerState  freertos_builds_LP_MSPM0G3507_release_keil.lib(tasks.o)
    0x000030a0   0x000030a0   0x00000104   Code   RO          415    .text.xTaskIncrementTick  freertos_builds_LP_MSPM0G3507_release_keil.lib(tasks.o)
    0x000031a4   0x000031a4   0x00000100   Code   RO          391    .text.xTaskResumeAll  freertos_builds_LP_MSPM0G3507_release_keil.lib(tasks.o)
    0x000032a4   0x000032a4   0x000001f6   Code   RO          770    .text_divfast       c_p.l(aeabi_sdivfast.o)
    0x0000349a   0x0000349a   0x00000030   Code   RO          988    i.__ARM_common_ll_muluu  c_p.l(btod.o)
    0x000034ca   0x000034ca   0x00000002   PAD
    0x000034cc   0x000034cc   0x0000002c   Code   RO         1013    i.__ARM_fpclassify  m_ps.l(fpclassify.o)
    0x000034f8   0x000034f8   0x0000000e   Code   RO          880    i._is_digit         c_p.l(__printf_wp.o)
    0x00003506   0x00003506   0x00000002   PAD
    0x00003508   0x00003508   0x0000002c   Code   RO          993    locale$$code        c_p.l(lc_numeric_c.o)
    0x00003534   0x00003534   0x0000002c   Code   RO         1026    locale$$code        c_p.l(lc_ctype_c.o)
    0x00003560   0x00003560   0x00000010   Code   RO          921    x$fpl$printf1       fz_ps.l(printf1.o)
    0x00003570   0x00003570   0x00000010   Code   RO          923    x$fpl$printf2       fz_ps.l(printf2.o)
    0x00003580   0x00003580   0x00000000   Code   RO          929    x$fpl$usenofp       fz_ps.l(usenofp.o)
    0x00003580   0x00003580   0x00000008   Data   RO          839    .constdata          c_p.l(_printf_wctomb.o)
    0x00003588   0x00003588   0x00000028   Data   RO          868    .constdata          c_p.l(_printf_hex_int_ll_ptr.o)
    0x000035b0   0x000035b0   0x00000011   Data   RO          888    .constdata          c_p.l(__printf_flags_ss_wp.o)
    0x000035c1   0x000035c1   0x00000026   Data   RO          956    .constdata          c_p.l(_printf_fp_hex.o)
    0x000035e7   0x000035e7   0x00000001   PAD
    0x000035e8   0x000035e8   0x00000094   Data   RO          984    .constdata          c_p.l(bigflt0.o)
    0x0000367c   0x0000367c   0x00000017   Data   RO          135    .rodata..L__const.OLED_Init.init_cmds  oled.o
    0x00003693   0x00003693   0x00000228   Data   RO          204    .rodata.F6x8        oled_data.o
    0x000038bb   0x000038bb   0x000005e0   Data   RO          205    .rodata.F8X16       oled_data.o
    0x00003e9b   0x00003e9b   0x000000c0   Data   RO          206    .rodata.Hzk         oled_data.o
    0x00003f5b   0x00003f5b   0x00000003   Data   RO           24    .rodata.gMotor_PWM1ClockConfig  ti_msp_dl_config.o
    0x00003f5e   0x00003f5e   0x00000002   PAD
    0x00003f60   0x00003f60   0x00000008   Data   RO           25    .rodata.gMotor_PWM1Config  ti_msp_dl_config.o
    0x00003f68   0x00003f68   0x00000003   Data   RO           26    .rodata.gMotor_PWM2ClockConfig  ti_msp_dl_config.o
    0x00003f6b   0x00003f6b   0x00000001   PAD
    0x00003f6c   0x00003f6c   0x00000008   Data   RO           27    .rodata.gMotor_PWM2Config  ti_msp_dl_config.o
    0x00003f74   0x00003f74   0x00000003   Data   RO           28    .rodata.gTIMER_delayClockConfig  ti_msp_dl_config.o
    0x00003f77   0x00003f77   0x00000001   PAD
    0x00003f78   0x00003f78   0x00000014   Data   RO           29    .rodata.gTIMER_delayTimerConfig  ti_msp_dl_config.o
    0x00003f8c   0x00003f8c   0x00000002   Data   RO           30    .rodata.gUART_DEBUGClockConfig  ti_msp_dl_config.o
    0x00003f8e   0x00003f8e   0x0000000a   Data   RO           31    .rodata.gUART_DEBUGConfig  ti_msp_dl_config.o
    0x00003f98   0x00003f98   0x0000000f   Data   RO           71    .rodata.str1.1      log.o
    0x00003fa7   0x00003fa7   0x00000001   PAD
    0x00003fa8   0x00003fa8   0x00000020   Data   RO         1163    Region$$Table       anon$$obj.o
    0x00003fc8   0x00003fc8   0x0000001c   Data   RO          992    locale$$data        c_p.l(lc_numeric_c.o)
    0x00003fe4   0x00003fe4   0x00000110   Data   RO         1025    locale$$data        c_p.l(lc_ctype_c.o)


    Execution Region RW_IRAM2 (Exec base: 0x20200000, Load base: 0x000040f8, Size: 0x000004b8, Max: 0x00008000, ABSOLUTE)

    Exec Addr    Load Addr    Size         Type   Attr      Idx    E Section Name        Object

    0x20200000   0x000040f8   0x00000080   Data   RW          207    .data.BMP1          oled_data.o
    0x20200080   0x00004178   0x00000020   Data   RW          134    .data.oled_i2c      oled.o
    0x202000a0   0x00004198   0x00000020   Data   RW          217    .data.pca9555_i2c   gray_detection.o
    0x202000c0   0x000041b8   0x00000004   Data   RW          656    .data.uxCriticalNesting  freertos_builds_LP_MSPM0G3507_release_keil.lib(port.o)
    0x202000c4   0x000041bc   0x00000004   PAD
    0x202000c8        -       0x00000060   Zero   RW         1016    .bss                c_p.l(libspace.o)
    0x20200128        -       0x000000bc   Zero   RW           22    .bss.gMotor_PWM1Backup  ti_msp_dl_config.o
    0x202001e4        -       0x000000bc   Zero   RW           23    .bss.gTIMER_delayBackup  ti_msp_dl_config.o
    0x202002a0        -       0x0000000c   Zero   RW          218    .bss.gray_datas     gray_detection.o
    0x202002ac        -       0x00000004   Zero   RW          497    .bss.pxCurrentTCB   freertos_builds_LP_MSPM0G3507_release_keil.lib(tasks.o)
    0x202002b0        -       0x00000004   Zero   RW          506    .bss.pxDelayedTaskList  freertos_builds_LP_MSPM0G3507_release_keil.lib(tasks.o)
    0x202002b4        -       0x00000004   Zero   RW          507    .bss.pxOverflowDelayedTaskList  freertos_builds_LP_MSPM0G3507_release_keil.lib(tasks.o)
    0x202002b8        -       0x000000c8   Zero   RW          509    .bss.pxReadyTasksLists  freertos_builds_LP_MSPM0G3507_release_keil.lib(tasks.o)
    0x20200380        -       0x00000004   Zero   RW          502    .bss.uxCurrentNumberOfTasks  freertos_builds_LP_MSPM0G3507_release_keil.lib(tasks.o)
    0x20200384        -       0x00000004   Zero   RW          504    .bss.uxSchedulerSuspended  freertos_builds_LP_MSPM0G3507_release_keil.lib(tasks.o)
    0x20200388        -       0x00000004   Zero   RW          510    .bss.uxTopReadyPriority  freertos_builds_LP_MSPM0G3507_release_keil.lib(tasks.o)
    0x2020038c        -       0x00000004   Zero   RW          512    .bss.xNextTaskUnblockTime  freertos_builds_LP_MSPM0G3507_release_keil.lib(tasks.o)
    0x20200390        -       0x00000004   Zero   RW          516    .bss.xNumOfOverflows  freertos_builds_LP_MSPM0G3507_release_keil.lib(tasks.o)
    0x20200394        -       0x00000004   Zero   RW          515    .bss.xPendedTicks   freertos_builds_LP_MSPM0G3507_release_keil.lib(tasks.o)
    0x20200398        -       0x00000014   Zero   RW          513    .bss.xPendingReadyList  freertos_builds_LP_MSPM0G3507_release_keil.lib(tasks.o)
    0x202003ac        -       0x00000004   Zero   RW          503    .bss.xSchedulerRunning  freertos_builds_LP_MSPM0G3507_release_keil.lib(tasks.o)
    0x202003b0        -       0x00000004   Zero   RW          505    .bss.xTickCount     freertos_builds_LP_MSPM0G3507_release_keil.lib(tasks.o)
    0x202003b4        -       0x00000004   Zero   RW          514    .bss.xYieldPending  freertos_builds_LP_MSPM0G3507_release_keil.lib(tasks.o)
    0x202003b8        -       0x00000000   Zero   RW           40    HEAP                startup_mspm0g350x_uvision.o
    0x202003b8        -       0x00000100   Zero   RW           39    STACK               startup_mspm0g350x_uvision.o



  Load Region LR_BCR (Base: 0x41c00000, Size: 0x00000000, Max: 0x00000100, ABSOLUTE)

    Execution Region BCR_CONFIG (Exec base: 0x41c00000, Load base: 0x41c00000, Size: 0x00000000, Max: 0x000000ff, ABSOLUTE)

    **** No section assigned to this execution region ****



  Load Region LR_BSL (Base: 0x41c00100, Size: 0x00000000, Max: 0x00000100, ABSOLUTE)

    Execution Region BSL_CONFIG (Exec base: 0x41c00100, Load base: 0x41c00100, Size: 0x00000000, Max: 0x00000080, ABSOLUTE)

    **** No section assigned to this execution region ****


==============================================================================

Image component sizes


      Code (inc. data)   RO Data    RW Data    ZI Data      Debug   Object Name

        94          0          0          0          0       2465   delay.o
       172         64          0         32         12       3895   gray_detection.o
        68         12         15          0          0       4139   log.o
        30          0          0          0          0        397   main.o
      1696         64         23         32          0      19265   oled.o
         0          0       2248        128          0        544   oled_data.o
        48          0          0          0          0       3935   pca9555.o
      1208         16          0          0          0      17221   software_i2c.o
        44         18        192          0        256        692   startup_mspm0g350x_uvision.o
       656        132         57          0        376      20355   ti_msp_dl_config.o
        70          0          0          0          0       3470   uart.o

    ----------------------------------------------------------------------
      4098        318       2572        192        644      76378   Object Totals
         0          0         32          0          0          0   (incl. Generated)
        12         12          5          0          0          0   (incl. Padding)

    ----------------------------------------------------------------------

      Code (inc. data)   RO Data    RW Data    ZI Data      Debug   Library Member Name

         8          0          0          0          0         68   __main.o
       392          6         17          0          0         76   __printf_flags_ss_wp.o
        14          0          0          0          0         60   __printf_wp.o
         0          0          0          0          0          0   __rtentry.o
        12          0          0          0          0          0   __rtentry2.o
         6          0          0          0          0          0   __rtentry4.o
        86         10          0          0          0          0   __scatter.o
        26          0          0          0          0          0   __scatter_copy.o
        28          0          0          0          0          0   __scatter_zi.o
        66          0          0          0          0         76   _c16rtomb.o
        10          0          0          0          0          0   _printf_a.o
        10          0          0          0          0          0   _printf_c.o
        46          0          0          0          0        100   _printf_char.o
        48          6          0          0          0         88   _printf_char_common.o
        38          0          0          0          0         60   _printf_charcount.o
        10          0          0          0          0          0   _printf_d.o
       108         18          0          0          0         76   _printf_dec.o
        10          0          0          0          0          0   _printf_e.o
        10          0          0          0          0          0   _printf_f.o
      1044         12          0          0          0        116   _printf_fp_dec.o
       728         10         38          0          0         84   _printf_fp_hex.o
       136         16          0          0          0         76   _printf_fp_infnan.o
        10          0          0          0          0          0   _printf_g.o
       152          4         40          0          0        148   _printf_hex_int_ll_ptr.o
        10          0          0          0          0          0   _printf_i.o
       176          0          0          0          0         84   _printf_intcommon.o
        10          0          0          0          0          0   _printf_l.o
        10          0          0          0          0          0   _printf_lc.o
        10          0          0          0          0          0   _printf_ll.o
        10          0          0          0          0          0   _printf_lld.o
        10          0          0          0          0          0   _printf_lli.o
        10          0          0          0          0          0   _printf_llo.o
        10          0          0          0          0          0   _printf_llu.o
        10          0          0          0          0          0   _printf_llx.o
       112         18          0          0          0         76   _printf_longlong_dec.o
        10          0          0          0          0          0   _printf_ls.o
        10          0          0          0          0          0   _printf_n.o
        10          0          0          0          0          0   _printf_o.o
       112         10          0          0          0        112   _printf_oct_int_ll.o
        10          0          0          0          0          0   _printf_p.o
        78          0          0          0          0        100   _printf_pad.o
         2          0          0          0          0          0   _printf_percent.o
         4          0          0          0          0          0   _printf_percent_end.o
        10          0          0          0          0          0   _printf_s.o
        82          0          0          0          0         72   _printf_str.o
        36          0          0          0          0         76   _printf_truncate.o
        10          0          0          0          0          0   _printf_u.o
        46          0          0          0          0        100   _printf_wchar.o
       188          6          8          0          0         80   _printf_wctomb.o
        10          0          0          0          0          0   _printf_x.o
        16          0          0          0          0         60   _snputc.o
      1006          4          0          0          0        184   aeabi_sdivfast.o
       216          6        148          0          0         80   bigflt0.o
      1456         30          0          0          0        336   btod.o
        16          0          0          0          0         68   exit.o
         6          0          0          0          0        136   heapauxi.o
         0          0          0          0          0          0   indicate_semi.o
        44         10        272          0          0         76   lc_ctype_c.o
        44         10         28          0          0         76   lc_numeric_c.o
         2          0          0          0          0          0   libinit.o
        30          0          0          0          0          0   libinit2.o
         2          0          0          0          0          0   libshutdown.o
         2          0          0          0          0          0   libshutdown2.o
         8          4          0          0         96         68   libspace.o
       122          0          0          0          0         72   lludiv10.o
        16          4          0          0          0         76   rt_ctype_table.o
         8          4          0          0          0         68   rt_locale_intlibspace.o
         2          0          0          0          0          0   rtexit.o
        10          0          0          0          0          0   rtexit2.o
        40          0          0          0          0         60   rtudiv10.o
       176          4          0          0          0         80   strcmpv6m.o
        68          6          0          0          0         72   strlen.o
        12          4          0          0          0         60   sys_exit.o
        62          0          0          0          0         80   sys_stackheap_outer.o
         2          0          0          0          0         68   use_no_semi.o
        60          4          0          0          0         72   vsnprintf.o
        10          0          0          0          0        803   dl_common.o
       600        192          0          0          0      41557   dl_timer.o
       110         12          0          0          0      14163   dl_uart.o
         2          0          0          0          0        718   apphooks_freertos.o
       114          0          0          0          0       2259   list.o
       188         12          0          4          0       4176   port.o
       856         60          0          0        268      41503   tasks.o
        16          4          0          0          0         76   printf1.o
        16          4          0          0          0         76   printf2.o
         0          0          0          0          0          0   usenofp.o
        44          4          0          0          0         60   fpclassify.o

    ----------------------------------------------------------------------
      9406        498        552          4        368     108911   Library Totals
        30          4          1          0          4          0   (incl. Padding)

    ----------------------------------------------------------------------

      Code (inc. data)   RO Data    RW Data    ZI Data      Debug   Library Name

      7420        206        551          0         96       3520   c_p.l
       720        204          0          0          0      56523   driverlib.a
      1160         72          0          4        268      48656   freertos_builds_LP_MSPM0G3507_release_keil.lib
        32          8          0          0          0        152   fz_ps.l
        44          4          0          0          0         60   m_ps.l

    ----------------------------------------------------------------------
      9406        498        552          4        368     108911   Library Totals

    ----------------------------------------------------------------------

==============================================================================


      Code (inc. data)   RO Data    RW Data    ZI Data      Debug   

     13504        816       3124        196       1012     183265   Grand Totals
     13504        816       3124        196       1012     183265   ELF Image Totals
     13504        816       3124        196          0          0   ROM Totals

==============================================================================

    Total RO  Size (Code + RO Data)                16628 (  16.24kB)
    Total RW  Size (RW Data + ZI Data)              1208 (   1.18kB)
    Total ROM Size (Code + RO Data + RW Data)      16824 (  16.43kB)

==============================================================================

